Archive member included to satisfy reference by file (symbol)

C:/devkitPro/libctru/lib\libctru.a(linear.o)
                              main.o (linearAlloc)
C:/devkitPro/libctru/lib\libctru.a(mem_pool.o)
                              C:/devkitPro/libctru/lib\libctru.a(linear.o) (MemPool::Allocate(MemChunk&, unsigned long, int))
C:/devkitPro/libctru/lib\libctru.a(romfs_dev.o)
                              main.o (romfsMountSelf)
C:/devkitPro/libctru/lib\libctru.a(synchronization.o)
                              main.o (LightEvent_Init)
C:/devkitPro/libctru/lib\libctru.a(os.o)
                              main.o (osSetSpeedupEnable)
C:/devkitPro/libctru/lib\libctru.a(console.o)
                              main.o (consoleInit)
C:/devkitPro/libctru/lib\libctru.a(path_buf.o)
                              C:/devkitPro/libctru/lib\libctru.a(romfs_dev.o) (__ctru_dev_utf16_buf)
C:/devkitPro/libctru/lib\libctru.a(gfx.o)
                              C:/devkitPro/libctru/lib\libctru.a(console.o) (gfxIsWide)
C:/devkitPro/libctru/lib\libctru.a(thread.o)
                              main.o (threadCreate)
C:/devkitPro/libctru/lib\libctru.a(ndsp.o)
                              main.o (ndspInit)
C:/devkitPro/libctru/lib\libctru.a(ndsp-channel.o)
                              main.o (ndspChnReset)
C:/devkitPro/libctru/lib\libctru.a(cfgu.o)
                              C:/devkitPro/libctru/lib\libctru.a(ndsp.o) (cfguInit)
C:/devkitPro/libctru/lib\libctru.a(dsp.o)
                              C:/devkitPro/libctru/lib\libctru.a(ndsp.o) (dspInit)
C:/devkitPro/libctru/lib\libctru.a(gspgpu.o)
                              C:/devkitPro/libctru/lib\libctru.a(gfx.o) (gspInit)
C:/devkitPro/libctru/lib\libctru.a(apt.o)
                              main.o (aptMainLoop)
C:/devkitPro/libctru/lib\libctru.a(hid.o)
                              main.o (hidScanInput)
C:/devkitPro/libctru/lib\libctru.a(ptmsysm.o)
                              C:/devkitPro/libctru/lib\libctru.a(os.o) (ptmSysmInit)
C:/devkitPro/libctru/lib\libctru.a(fs.o)
                              C:/devkitPro/libctru/lib\libctru.a(romfs_dev.o) (FSUSER_OpenFileDirectly)
C:/devkitPro/libctru/lib\libctru.a(rbtree_init.o)
                              C:/devkitPro/libctru/lib\libctru.a(linear.o) (rbtree_init)
C:/devkitPro/libctru/lib\libctru.a(rbtree_insert.o)
                              C:/devkitPro/libctru/lib\libctru.a(linear.o) (rbtree_insert)
C:/devkitPro/libctru/lib\libctru.a(rbtree_rotate.o)
                              C:/devkitPro/libctru/lib\libctru.a(rbtree_insert.o) (rbtree_rotate)
C:/devkitPro/libctru/lib\libctru.a(rbtree_remove.o)
                              C:/devkitPro/libctru/lib\libctru.a(linear.o) (rbtree_remove)
C:/devkitPro/libctru/lib\libctru.a(rbtree_find.o)
                              C:/devkitPro/libctru/lib\libctru.a(linear.o) (rbtree_find)
C:/devkitPro/libctru/lib\libctru.a(utf16_to_utf8.o)
                              C:/devkitPro/libctru/lib\libctru.a(romfs_dev.o) (utf16_to_utf8)
C:/devkitPro/libctru/lib\libctru.a(decode_utf16.o)
                              C:/devkitPro/libctru/lib\libctru.a(utf16_to_utf8.o) (decode_utf16)
C:/devkitPro/libctru/lib\libctru.a(utf8_to_utf16.o)
                              C:/devkitPro/libctru/lib\libctru.a(romfs_dev.o) (utf8_to_utf16)
C:/devkitPro/libctru/lib\libctru.a(syscalls.o)
                              C:/devkitPro/libctru/lib\libctru.a(thread.o) (initThreadVars)
C:/devkitPro/libctru/lib\libctru.a(allocateHeaps.o)
                              C:/devkitPro/libctru/lib\libctru.a(linear.o) (__ctru_linear_heap_size)
C:/devkitPro/libctru/lib\libctru.a(ctru_init.o)
                              C:/devkitPro/libctru/lib\libctru.a(apt.o) (__system_retAddr)
C:/devkitPro/libctru/lib\libctru.a(initArgv.o)
                              C:/devkitPro/libctru/lib\libctru.a(ctru_init.o) (__system_initArgv)
C:/devkitPro/libctru/lib\libctru.a(svc.o)
                              C:/devkitPro/libctru/lib\libctru.a(allocateHeaps.o) (svcControlMemory)
C:/devkitPro/libctru/lib\libctru.a(stack_adjust.o)
                              c:/devkitpro/devkitarm/bin/../lib/gcc/arm-none-eabi/12.1.0/../../../../arm-none-eabi/lib/armv6k/fpu/3dsx_crt0.o (initSystem)
C:/devkitPro/libctru/lib\libctru.a(readtp.o)
                              C:/devkitPro/libctru/lib\libctru.a(romfs_dev.o) (__aeabi_read_tp)
C:/devkitPro/libctru/lib\libctru.a(default_font.bin.o)
                              C:/devkitPro/libctru/lib\libctru.a(console.o) (default_font_bin)
C:/devkitPro/libctru/lib\libctru.a(vram.o)
                              C:/devkitPro/libctru/lib\libctru.a(gfx.o) (vramAlloc)
C:/devkitPro/libctru/lib\libctru.a(env.o)
                              C:/devkitPro/libctru/lib\libctru.a(ndsp.o) (envGetHandle)
C:/devkitPro/libctru/lib\libctru.a(3dslink.o)
                              C:/devkitPro/libctru/lib\libctru.a(initArgv.o) (__3dslink_host)
C:/devkitPro/libctru/lib\libctru.a(srv.o)
[...]
Memory Configuration

Name             Origin             Length             Attributes
*default*        0x0000000000000000 0xffffffffffffffff

Linker script and memory map

                0x0000000000100000                PROVIDE (__start__ = 0x100000)
                0x0000000000100000                . = __start__

.text           0x0000000000100000    0x40fb0
 *(.crt0)
 .crt0          0x0000000000100000       0x94 c:/devkitpro/devkitarm/bin/../lib/gcc/arm-none-eabi/12.1.0/../../../../arm-none-eabi/lib/armv6k/fpu/3dsx_crt0.o
                0x0000000000100000                _start
                0x0000000000100008                __service_ptr
                0x000000000010000c                __apt_appid
                0x0000000000100010                __heap_size
                0x0000000000100014                __linear_heap_size
                0x0000000000100018                __system_arglist
                0x000000000010001c                __system_runflags
 *(.init)
 .init          0x0000000000100094        0xc c:/devkitpro/devkitarm/bin/../lib/gcc/arm-none-eabi/12.1.0/armv6k/fpu/crti.o
                0x0000000000100094                _init
 .init          0x00000000001000a0        0xc c:/devkitpro/devkitarm/bin/../lib/gcc/arm-none-eabi/12.1.0/armv6k/fpu/crtn.o
                0x00000000001000ac                . = ALIGN (0x4)
 *(.text)
 .text          0x00000000001000ac      0x20c c:/devkitpro/devkitarm/bin/../lib/gcc/arm-none-eabi/12.1.0/armv6k/fpu\libgcc.a(_udivsi3.o)
                0x00000000001000ac                __aeabi_uidiv
                0x00000000001000ac                __udivsi3
                0x0000000000100298                __aeabi_uidivmod
 .text          0x00000000001002b8      0x240 c:/devkitpro/devkitarm/bin/../lib/gcc/arm-none-eabi/12.1.0/armv6k/fpu\libgcc.a(_divsi3.o)
                0x00000000001002b8                __divsi3
                0x00000000001002b8                __aeabi_idiv
                0x00000000001004d8                __aeabi_idivmod
 .text          0x00000000001004f8        0x4 c:/devkitpro/devkitarm/bin/../lib/gcc/arm-none-eabi/12.1.0/armv6k/fpu\libgcc.a(_dvmd_tls.o)
                0x00000000001004f8                __aeabi_idiv0
                0x00000000001004f8                __aeabi_ldiv0
 .text          0x00000000001004fc       0xd4 c:/devkitpro/devkitarm/bin/../lib/gcc/arm-none-eabi/12.1.0/armv6k/fpu\libgcc.a(_aeabi_ldivmod.o)
                0x00000000001004fc                __aeabi_ldivmod
 .text          0x00000000001005d0       0x3c c:/devkitpro/devkitarm/bin/../lib/gcc/arm-none-eabi/12.1.0/armv6k/fpu\libgcc.a(_aeabi_uldivmod.o)
                0x00000000001005d0                __aeabi_uldivmod
 *fill*         0x000000000010060c       0x14 
 .text          0x0000000000100620      0x390 c:/devkitpro/devkitarm/bin/../lib/gcc/arm-none-eabi/12.1.0/../../../../arm-none-eabi/lib/armv6k/fpu\libg.a(lib_a-strcmp.o)
                0x0000000000100628                strcmp
 .text          0x00000000001009b0      0x3c0 c:/devkitpro/devkitarm/bin/../lib/gcc/arm-none-eabi/12.1.0/armv6k/fpu\libgcc.a(_arm_addsubdf3.o)
                0x00000000001009b0                __aeabi_drsub
                0x00000000001009b8                __aeabi_dsub
                0x00000000001009b8                __subdf3
                0x00000000001009bc                __aeabi_dadd
                0x00000000001009bc                __adddf3
                0x0000000000100c68                __floatunsidf
                0x0000000000100c68                __aeabi_ui2d
                0x0000000000100c8c                __floatsidf
                0x0000000000100c8c                __aeabi_i2d
                0x0000000000100cb4                __aeabi_f2d
                0x0000000000100cb4                __extendsfdf2
                0x0000000000100cfc                __floatundidf
                0x0000000000100cfc                __aeabi_ul2d
                0x0000000000100d10                __floatdidf
                0x0000000000100d10                __aeabi_l2d
 *(.text.*)
 .text.__do_global_dtors_aux
                0x0000000000100d70       0x40 c:/devkitpro/devkitarm/bin/../lib/gcc/arm-none-eabi/12.1.0/armv6k/fpu/crtbegin.o
 .text.frame_dummy
                0x0000000000100db0       0x2c c:/devkitpro/devkitarm/bin/../lib/gcc/arm-none-eabi/12.1.0/armv6k/fpu/crtbegin.o
 .text.audioCallback
                0x0000000000100ddc       0x1c main.o
                0x0000000000100ddc                audioCallback
 .text.opusStrError
                0x0000000000100df8      0x110 main.o
                0x0000000000100df8                opusStrError
 .text.waitForInput
                0x0000000000100f08       0x40 main.o
                0x0000000000100f08                waitForInput
 .text.audioInit
                0x0000000000100f48       0xac main.o
                0x0000000000100f48                audioInit
 .text.audioExit
                0x0000000000100ff4       0x20 main.o
                0x0000000000100ff4                audioExit
 .text.fillBuffer
                0x0000000000101014       0xa4 main.o
                0x0000000000101014                fillBuffer
 .text.audioThread
                0x00000000001010b8       0x74 main.o
                0x00000000001010b8                audioThread
 *fill*         0x000000000010112c        0x4 
 .text.startup.main
                0x0000000000101130      0x298 main.o
                0x0000000000101130                main
 .text._ZL21addrMapNodeComparatorPK11rbtree_nodeS1_
                0x00000000001013c8       0x24 C:/devkitPro/libctru/lib\libctru.a(linear.o)
 .text._ZL21addrMapNodeDestructorP11rbtree_node
                0x00000000001013ec        0x4 C:/devkitPro/libctru/lib\libctru.a(linear.o)
 .text.linearMemAlign
                0x00000000001013f0      0x120 C:/devkitPro/libctru/lib\libctru.a(linear.o)
                0x00000000001013f0                linearMemAlign
 .text.linearAlloc
                0x0000000000101510        0x8 C:/devkitPro/libctru/lib\libctru.a(linear.o)
                0x0000000000101510                linearAlloc
 .text.linearFree
                0x0000000000101518       0x5c C:/devkitPro/libctru/lib\libctru.a(linear.o)
                0x0000000000101518                linearFree
 .text._ZN7MemPool13CoalesceRightEP8MemBlock
                0x0000000000101574       0x80 C:/devkitPro/libctru/lib\libctru.a(mem_pool.o)
                0x0000000000101574                MemPool::CoalesceRight(MemBlock*)
 .text._ZN7MemPool8AllocateER8MemChunkmi
                0x00000000001015f4      0x16c C:/devkitPro/libctru/lib\libctru.a(mem_pool.o)
                0x00000000001015f4                MemPool::Allocate(MemChunk&, unsigned long, int)
 .text._ZN7MemPool10DeallocateERK8MemChunk
                0x0000000000101760       0xfc C:/devkitPro/libctru/lib\libctru.a(mem_pool.o)
                0x0000000000101760                MemPool::Deallocate(MemChunk const&)
 .text._ZN7MemPool12GetFreeSpaceEv
                0x000000000010185c       0x30 C:/devkitPro/libctru/lib\libctru.a(mem_pool.o)
                0x000000000010185c                MemPool::GetFreeSpace()
 .text.romfs_close
                0x000000000010188c        0x8 C:/devkitPro/libctru/lib\libctru.a(romfs_dev.o)
 .text.romfs_seek
                0x0000000000101894       0xc0 C:/devkitPro/libctru/lib\libctru.a(romfs_dev.o)
 .text.romfs_dirreset
                0x0000000000101954       0x24 C:/devkitPro/libctru/lib\libctru.a(romfs_dev.o)
 .text.fill_dir
                0x0000000000101978       0xc8 C:/devkitPro/libctru/lib\libctru.a(romfs_dev.o)
 .text.romfs_dirnext
                0x0000000000101a40      0x28c C:/devkitPro/libctru/lib\libctru.a(romfs_dev.o)
 .text.romfs_free
                0x0000000000101ccc       0x84 C:/devkitPro/libctru/lib\libctru.a(romfs_dev.o)
 .text.searchForFile.constprop.0
                0x0000000000101d50       0xd4 C:/devkitPro/libctru/lib\libctru.a(romfs_dev.o)
 .text.searchForDir.constprop.0
                0x0000000000101e24       0xd8 C:/devkitPro/libctru/lib\libctru.a(romfs_dev.o)
 .text.navigateToDir.constprop.0
                0x0000000000101efc      0x1c0 C:/devkitPro/libctru/lib\libctru.a(romfs_dev.o)
 .text.romfs_open
                0x00000000001020bc      0x10c C:/devkitPro/libctru/lib\libctru.a(romfs_dev.o)
 .text.romfs_chdir
                0x00000000001021c8       0x4c C:/devkitPro/libctru/lib\libctru.a(romfs_dev.o)
 .text.romfs_diropen
                0x0000000000102214       0x70 C:/devkitPro/libctru/lib\libctru.a(romfs_dev.o)
 .text.romfs_stat
                0x0000000000102284      0x174 C:/devkitPro/libctru/lib\libctru.a(romfs_dev.o)
 .text.romfs_dirclose
                0x00000000001023f8        0x8 C:/devkitPro/libctru/lib\libctru.a(romfs_dev.o)
 .text.romfs_fstat
                0x0000000000102400       0x84 C:/devkitPro/libctru/lib\libctru.a(romfs_dev.o)
 .text.romfs_read
                0x0000000000102484       0xd0 C:/devkitPro/libctru/lib\libctru.a(romfs_dev.o)
 .text.romfsMountFromFile
                0x0000000000102554      0x28c C:/devkitPro/libctru/lib\libctru.a(romfs_dev.o)
                0x0000000000102554                romfsMountFromFile
 .text.romfsMountFromCurrentProcess
                0x00000000001027e0       0x98 C:/devkitPro/libctru/lib\libctru.a(romfs_dev.o)
                0x00000000001027e0                romfsMountFromCurrentProcess
 .text.romfsMountSelf
                0x0000000000102878      0x260 C:/devkitPro/libctru/lib\libctru.a(romfs_dev.o)
                0x0000000000102878                romfsMountSelf
 .text.romfsUnmount
                0x0000000000102ad8       0xa0 C:/devkitPro/libctru/lib\libctru.a(romfs_dev.o)
                0x0000000000102ad8                romfsUnmount
 .text.__sync_init
                0x0000000000102b78        0xc C:/devkitPro/libctru/lib\libctru.a(synchronization.o)
                0x0000000000102b78                __sync_init
 .text.__sync_fini
                0x0000000000102b84       0x18 C:/devkitPro/libctru/lib\libctru.a(synchronization.o)
                0x0000000000102b84                __sync_fini
 .text.syncArbitrateAddress
                0x0000000000102b9c       0x2c C:/devkitPro/libctru/lib\libctru.a(synchronization.o)
                0x0000000000102b9c                syncArbitrateAddress
 .text.LightLock_Init
                0x0000000000102bc8       0x1c C:/devkitPro/libctru/lib\libctru.a(synchronization.o)
                0x0000000000102bc8                LightLock_Init
 .text.LightLock_Lock
                0x0000000000102be4       0xb0 C:/devkitPro/libctru/lib\libctru.a(synchronization.o)
                0x0000000000102be4                LightLock_Lock
 .text.LightLock_Unlock
                0x0000000000102c94       0x40 C:/devkitPro/libctru/lib\libctru.a(synchronization.o)
                0x0000000000102c94                LightLock_Unlock
 .text.RecursiveLock_Init
                0x0000000000102cd4       0x24 C:/devkitPro/libctru/lib\libctru.a(synchronization.o)
                0x0000000000102cd4                RecursiveLock_Init
 .text.RecursiveLock_Lock
                0x0000000000102cf8       0x30 C:/devkitPro/libctru/lib\libctru.a(synchronization.o)
                0x0000000000102cf8                RecursiveLock_Lock
 .text.RecursiveLock_Unlock
                0x0000000000102d28       0x54 C:/devkitPro/libctru/lib\libctru.a(synchronization.o)
                0x0000000000102d28                RecursiveLock_Unlock
 .text.LightEvent_Init
                0x0000000000102d7c       0x40 C:/devkitPro/libctru/lib\libctru.a(synchronization.o)
                0x0000000000102d7c                LightEvent_Init
 .text.LightEvent_Clear
                0x0000000000102dbc       0xa4 C:/devkitPro/libctru/lib\libctru.a(synchronization.o)
                0x0000000000102dbc                LightEvent_Clear
 .text.LightEvent_Signal
                0x0000000000102e60       0xc8 C:/devkitPro/libctru/lib\libctru.a(synchronization.o)
                0x0000000000102e60                LightEvent_Signal
 .text.LightEvent_TryWait
                0x0000000000102f28       0x50 C:/devkitPro/libctru/lib\libctru.a(synchronization.o)
                0x0000000000102f28                LightEvent_TryWait
 .text.LightEvent_Wait
                0x0000000000102f78       0xb0 C:/devkitPro/libctru/lib\libctru.a(synchronization.o)
                0x0000000000102f78                LightEvent_Wait
 .text.osConvertVirtToPhys
                0x0000000000103028       0x74 C:/devkitPro/libctru/lib\libctru.a(os.o)
                0x0000000000103028                osConvertVirtToPhys
 .text.osGetTimeRef
                0x000000000010309c       0x54 C:/devkitPro/libctru/lib\libctru.a(os.o)
                0x000000000010309c                osGetTimeRef
 .text.osGetTime
                0x00000000001030f0       0xec C:/devkitPro/libctru/lib\libctru.a(os.o)
                0x00000000001030f0                osGetTime
 .text.__ctru_speedup_config
                0x00000000001031dc       0x34 C:/devkitPro/libctru/lib\libctru.a(os.o)
                0x00000000001031dc                __ctru_speedup_config
 .text.osSetSpeedupEnable
                0x0000000000103210       0x38 C:/devkitPro/libctru/lib\libctru.a(os.o)
                0x0000000000103210                osSetSpeedupEnable
 .text.parseColor
                0x0000000000103248      0x1e8 C:/devkitPro/libctru/lib\libctru.a(console.o)
 .text.consoleDrawChar
                0x0000000000103430      0x1ac C:/devkitPro/libctru/lib\libctru.a(console.o)
                0x0000000000103430                consoleDrawChar
 .text.consolePrintChar
                0x00000000001035dc      0x124 C:/devkitPro/libctru/lib\libctru.a(console.o)
                0x00000000001035dc                consolePrintChar
 .text.con_write
                0x0000000000103700      0xb94 C:/devkitPro/libctru/lib\libctru.a(console.o)
                0x0000000000103700                con_write
 .text.newRow   0x0000000000104294       0xfc C:/devkitPro/libctru/lib\libctru.a(console.o)
 .text.consoleInit
                0x0000000000104390      0x168 C:/devkitPro/libctru/lib\libctru.a(console.o)
                0x0000000000104390                consoleInit
 .text.gfxPresentFramebuffer
                0x00000000001044f8       0xd0 C:/devkitPro/libctru/lib\libctru.a(gfx.o)
 .text.gfxIsWide
                0x00000000001045c8       0x1c C:/devkitPro/libctru/lib\libctru.a(gfx.o)
                0x00000000001045c8                gfxIsWide
 .text.gfxSetScreenFormat
                0x00000000001045e4       0xec C:/devkitPro/libctru/lib\libctru.a(gfx.o)
                0x00000000001045e4                gfxSetScreenFormat
 .text.gfxSetDoubleBuffering
                0x00000000001046d0       0x10 C:/devkitPro/libctru/lib\libctru.a(gfx.o)
                0x00000000001046d0                gfxSetDoubleBuffering
 .text.gfxInit  0x00000000001046e0       0xe0 C:/devkitPro/libctru/lib\libctru.a(gfx.o)
                0x00000000001046e0                gfxInit
 .text.gfxInitDefault
                0x00000000001047c0       0x10 C:/devkitPro/libctru/lib\libctru.a(gfx.o)
                0x00000000001047c0                gfxInitDefault
 .text.gfxExit  0x00000000001047d0       0xb4 C:/devkitPro/libctru/lib\libctru.a(gfx.o)
                0x00000000001047d0                gfxExit
 .text.gfxGetFramebuffer
                0x0000000000104884       0xa0 C:/devkitPro/libctru/lib\libctru.a(gfx.o)
                0x0000000000104884                gfxGetFramebuffer
 .text.gfxFlushBuffers
                0x0000000000104924      0x104 C:/devkitPro/libctru/lib\libctru.a(gfx.o)
                0x0000000000104924                gfxFlushBuffers
 .text.gfxSwapBuffers
                0x0000000000104a28       0x50 C:/devkitPro/libctru/lib\libctru.a(gfx.o)
                0x0000000000104a28                gfxSwapBuffers
 .text.gfxSwapBuffersGpu
                0x0000000000104a78       0x50 C:/devkitPro/libctru/lib\libctru.a(gfx.o)
                0x0000000000104a78                gfxSwapBuffersGpu
 .text.threadCreate
                0x0000000000104ac8      0x178 C:/devkitPro/libctru/lib\libctru.a(thread.o)
                0x0000000000104ac8                threadCreate
 .text.threadFree
                0x0000000000104c40       0x2c C:/devkitPro/libctru/lib\libctru.a(thread.o)
                0x0000000000104c40                threadFree
 .text.threadJoin
                0x0000000000104c6c       0x24 C:/devkitPro/libctru/lib\libctru.a(thread.o)
                0x0000000000104c6c                threadJoin
 .text.threadGetCurrent
                0x0000000000104c90       0x30 C:/devkitPro/libctru/lib\libctru.a(thread.o)
                0x0000000000104c90                threadGetCurrent
 .text.threadExit
                0x0000000000104cc0       0x40 C:/devkitPro/libctru/lib\libctru.a(thread.o)
                0x0000000000104cc0                threadExit
 .text._thread_begin
                0x0000000000104d00       0x20 C:/devkitPro/libctru/lib\libctru.a(thread.o)
 .text.ndspUpdateMaster
                0x0000000000104d20      0x158 C:/devkitPro/libctru/lib\libctru.a(ndsp.o)
 .text.ndspFinalize
                0x0000000000104e78      0x110 C:/devkitPro/libctru/lib\libctru.a(ndsp.o)
 .text.ndspInitialize.part.0
                0x0000000000104f88      0x250 C:/devkitPro/libctru/lib\libctru.a(ndsp.o)
 .text.ndspHookCallback
                0x00000000001051d8       0xfc C:/devkitPro/libctru/lib\libctru.a(ndsp.o)
 *fill*         0x00000000001052d4        0x4 
 .text.ndspThreadMain
                0x00000000001052d8      0x310 C:/devkitPro/libctru/lib\libctru.a(ndsp.o)
 .text.ndspInit
                0x00000000001055e8      0x3c8 C:/devkitPro/libctru/lib\libctru.a(ndsp.o)
                0x00000000001055e8                ndspInit
 .text.ndspExit
                0x00000000001059b0       0xcc C:/devkitPro/libctru/lib\libctru.a(ndsp.o)
                0x00000000001059b0                ndspExit
 .text.ndspSetOutputMode
                0x0000000000105a7c       0x34 C:/devkitPro/libctru/lib\libctru.a(ndsp.o)
                0x0000000000105a7c                ndspSetOutputMode
 .text.ndspSetCallback
                0x0000000000105ab0       0x10 C:/devkitPro/libctru/lib\libctru.a(ndsp.o)
                0x0000000000105ab0                ndspSetCallback
 .text.ndspChnReset
                0x0000000000105ac0       0xe4 C:/devkitPro/libctru/lib\libctru.a(ndsp-channel.o)
                0x0000000000105ac0                ndspChnReset
 .text.ndspChnSetFormat
                0x0000000000105ba4       0x18 C:/devkitPro/libctru/lib\libctru.a(ndsp-channel.o)
                0x0000000000105ba4                ndspChnSetFormat
 .text.ndspChnSetInterp
                0x0000000000105bbc       0x48 C:/devkitPro/libctru/lib\libctru.a(ndsp-channel.o)
                0x0000000000105bbc                ndspChnSetInterp
 .text.ndspChnSetRate
                0x0000000000105c04       0x5c C:/devkitPro/libctru/lib\libctru.a(ndsp-channel.o)
                0x0000000000105c04                ndspChnSetRate
 .text.ndspChnWaveBufAdd
                0x0000000000105c60       0xbc C:/devkitPro/libctru/lib\libctru.a(ndsp-channel.o)
                0x0000000000105c60                ndspChnWaveBufAdd
 .text.ndspiInitChn
                0x0000000000105d1c       0x40 C:/devkitPro/libctru/lib\libctru.a(ndsp-channel.o)
                0x0000000000105d1c                ndspiInitChn
 .text.ndspiDirtyChn
                0x0000000000105d5c       0x2c C:/devkitPro/libctru/lib\libctru.a(ndsp-channel.o)
                0x0000000000105d5c                ndspiDirtyChn
 .text.ndspiUpdateChn
                0x0000000000105d88      0x444 C:/devkitPro/libctru/lib\libctru.a(ndsp-channel.o)
                0x0000000000105d88                ndspiUpdateChn
 .text.ndspiReadChnState
                0x00000000001061cc      0x184 C:/devkitPro/libctru/lib\libctru.a(ndsp-channel.o)
                0x00000000001061cc                ndspiReadChnState
 .text.cfguInit
                0x0000000000106350       0xa4 C:/devkitPro/libctru/lib\libctru.a(cfgu.o)
                0x0000000000106350                cfguInit
 .text.cfguExit
                0x00000000001063f4       0x3c C:/devkitPro/libctru/lib\libctru.a(cfgu.o)
                0x00000000001063f4                cfguExit
 .text.CFGU_GetConfigInfoBlk2
                0x0000000000106430       0x4c C:/devkitPro/libctru/lib\libctru.a(cfgu.o)
                0x0000000000106430                CFGU_GetConfigInfoBlk2
 .text.DSP_LoadComponent.part.0
                0x000000000010647c       0xa4 C:/devkitPro/libctru/lib\libctru.a(dsp.o)
 .text.dspInit  0x0000000000106520       0xdc C:/devkitPro/libctru/lib\libctru.a(dsp.o)
                0x0000000000106520                dspInit
 .text.dspExit  0x00000000001065fc       0x80 C:/devkitPro/libctru/lib\libctru.a(dsp.o)
                0x00000000001065fc                dspExit
 .text.dspHook  0x000000000010667c       0x24 C:/devkitPro/libctru/lib\libctru.a(dsp.o)
                0x000000000010667c                dspHook
 .text.dspUnhook
                0x00000000001066a0       0x30 C:/devkitPro/libctru/lib\libctru.a(dsp.o)
                0x00000000001066a0                dspUnhook
 .text.aptDspSleep
                0x00000000001066d0       0xb0 C:/devkitPro/libctru/lib\libctru.a(dsp.o)
                0x00000000001066d0                aptDspSleep
 .text.aptDspWakeup
                0x0000000000106780       0xb8 C:/devkitPro/libctru/lib\libctru.a(dsp.o)
                0x0000000000106780                aptDspWakeup
 .text.aptDspCancel
                0x0000000000106838       0x44 C:/devkitPro/libctru/lib\libctru.a(dsp.o)
                0x0000000000106838                aptDspCancel
 .text.DSP_FlushDataCache
                0x000000000010687c       0x50 C:/devkitPro/libctru/lib\libctru.a(dsp.o)
                0x000000000010687c                DSP_FlushDataCache
 .text.DSP_SetSemaphore
                0x00000000001068cc       0x34 C:/devkitPro/libctru/lib\libctru.a(dsp.o)
                0x00000000001068cc                DSP_SetSemaphore
 .text.DSP_SetSemaphoreMask
                0x0000000000106900       0x34 C:/devkitPro/libctru/lib\libctru.a(dsp.o)
                0x0000000000106900                DSP_SetSemaphoreMask
 .text.DSP_GetSemaphoreHandle
                0x0000000000106934       0x38 C:/devkitPro/libctru/lib\libctru.a(dsp.o)
                0x0000000000106934                DSP_GetSemaphoreHandle
 .text.DSP_LoadComponent
                0x000000000010696c       0x3c C:/devkitPro/libctru/lib\libctru.a(dsp.o)
                0x000000000010696c                DSP_LoadComponent
 .text.DSP_RegisterInterruptEvents
                0x00000000001069a8       0x44 C:/devkitPro/libctru/lib\libctru.a(dsp.o)
                0x00000000001069a8                DSP_RegisterInterruptEvents
 .text.DSP_ReadPipeIfPossible
                0x00000000001069ec       0x74 C:/devkitPro/libctru/lib\libctru.a(dsp.o)
                0x00000000001069ec                DSP_ReadPipeIfPossible
 .text.DSP_WriteProcessPipe
                0x0000000000106a60       0x4c C:/devkitPro/libctru/lib\libctru.a(dsp.o)
                0x0000000000106a60                DSP_WriteProcessPipe
 .text.DSP_ConvertProcessAddressFromDspDram
                0x0000000000106aac       0x40 C:/devkitPro/libctru/lib\libctru.a(dsp.o)
                0x0000000000106aac                DSP_ConvertProcessAddressFromDspDram
 .text.DSP_RecvData
                0x0000000000106aec       0x40 C:/devkitPro/libctru/lib\libctru.a(dsp.o)
                0x0000000000106aec                DSP_RecvData
 .text.DSP_RecvDataIsReady
                0x0000000000106b2c       0x4c C:/devkitPro/libctru/lib\libctru.a(dsp.o)
                0x0000000000106b2c                DSP_RecvDataIsReady
 .text.gspHardwareInit
                0x0000000000106b78      0xc58 C:/devkitPro/libctru/lib\libctru.a(gspgpu.o)
 .text.gspInit  0x00000000001077d0      0x248 C:/devkitPro/libctru/lib\libctru.a(gspgpu.o)
                0x00000000001077d0                gspInit
 .text.gspExit  0x0000000000107a18       0xf0 C:/devkitPro/libctru/lib\libctru.a(gspgpu.o)
                0x0000000000107a18                gspExit
 .text.gspHasGpuRight
                0x0000000000107b08       0x10 C:/devkitPro/libctru/lib\libctru.a(gspgpu.o)
                0x0000000000107b08                gspHasGpuRight
 .text.gspPresentBuffer
                0x0000000000107b18       0xa0 C:/devkitPro/libctru/lib\libctru.a(gspgpu.o)
                0x0000000000107b18                gspPresentBuffer
 .text.gspWaitForEvent
                0x0000000000107bb8       0x44 C:/devkitPro/libctru/lib\libctru.a(gspgpu.o)
                0x0000000000107bb8                gspWaitForEvent
 .text.gxCmdQueueInterrupt
                0x0000000000107bfc        0x4 C:/devkitPro/libctru/lib\libctru.a(gspgpu.o)
                0x0000000000107bfc                gxCmdQueueInterrupt
 .text.gspEventThreadMain
                0x0000000000107c00      0x158 C:/devkitPro/libctru/lib\libctru.a(gspgpu.o)
 .text.GSPGPU_FlushDataCache
                0x0000000000107d58       0x50 C:/devkitPro/libctru/lib\libctru.a(gspgpu.o)
                0x0000000000107d58                GSPGPU_FlushDataCache
 .text.GSPGPU_SetLcdForceBlack
                0x0000000000107da8       0x34 C:/devkitPro/libctru/lib\libctru.a(gspgpu.o)
                0x0000000000107da8                GSPGPU_SetLcdForceBlack
 .text.GSPGPU_AcquireRight
                0x0000000000107ddc       0x68 C:/devkitPro/libctru/lib\libctru.a(gspgpu.o)
                0x0000000000107ddc                GSPGPU_AcquireRight
 .text.GSPGPU_ReleaseRight
                0x0000000000107e44       0x48 C:/devkitPro/libctru/lib\libctru.a(gspgpu.o)
                0x0000000000107e44                GSPGPU_ReleaseRight
 .text.GSPGPU_ImportDisplayCaptureInfo
                0x0000000000107e8c       0x7c C:/devkitPro/libctru/lib\libctru.a(gspgpu.o)
                0x0000000000107e8c                GSPGPU_ImportDisplayCaptureInfo
 .text.GSPGPU_SaveVramSysArea
                0x0000000000107f08       0x2c C:/devkitPro/libctru/lib\libctru.a(gspgpu.o)
                0x0000000000107f08                GSPGPU_SaveVramSysArea
 .text.GSPGPU_RestoreVramSysArea
                0x0000000000107f34       0x2c C:/devkitPro/libctru/lib\libctru.a(gspgpu.o)
                0x0000000000107f34                GSPGPU_RestoreVramSysArea
 .text.aptConvertScreenForCapture
                0x0000000000107f60      0x1a4 C:/devkitPro/libctru/lib\libctru.a(apt.o)
 .text.aptSendCommand
                0x0000000000108104      0x158 C:/devkitPro/libctru/lib\libctru.a(apt.o)
                0x0000000000108104                aptSendCommand
 *fill*         0x000000000010825c        0x4 
 .text.aptExitProcess
                0x0000000000108260       0x44 C:/devkitPro/libctru/lib\libctru.a(apt.o)
 .text.aptExit  0x00000000001082a4      0x2f4 C:/devkitPro/libctru/lib\libctru.a(apt.o)
                0x00000000001082a4                aptExit
 .text.aptHandleSleep
                0x0000000000108598       0xe0 C:/devkitPro/libctru/lib\libctru.a(apt.o)
                0x0000000000108598                aptHandleSleep
 .text.APT_SleepIfShellClosed
                0x0000000000108678       0x84 C:/devkitPro/libctru/lib\libctru.a(apt.o)
                0x0000000000108678                APT_SleepIfShellClosed
 .text.aptSetSleepAllowed
                0x00000000001086fc       0x84 C:/devkitPro/libctru/lib\libctru.a(apt.o)
                0x00000000001086fc                aptSetSleepAllowed
 .text.APT_UnlockTransition
                0x0000000000108780       0x84 C:/devkitPro/libctru/lib\libctru.a(apt.o)
                0x0000000000108780                APT_UnlockTransition
 *fill*         0x0000000000108804        0x4 
 .text.aptEventHandler
                0x0000000000108808      0x4a4 C:/devkitPro/libctru/lib\libctru.a(apt.o)
 .text.APT_ReceiveParameter
                0x0000000000108cac       0xb0 C:/devkitPro/libctru/lib\libctru.a(apt.o)
                0x0000000000108cac                APT_ReceiveParameter
 .text.aptReceiveParameter.constprop.0
                0x0000000000108d5c       0xb0 C:/devkitPro/libctru/lib\libctru.a(apt.o)
 *fill*         0x0000000000108e0c        0x4 
 .text.aptScreenTransfer
                0x0000000000108e10      0x2ac C:/devkitPro/libctru/lib\libctru.a(apt.o)
 .text.aptWaitForWakeUp.isra.0
                0x00000000001090bc      0x344 C:/devkitPro/libctru/lib\libctru.a(apt.o)
 .text.aptJumpToHomeMenu
                0x0000000000109400      0x100 C:/devkitPro/libctru/lib\libctru.a(apt.o)
                0x0000000000109400                aptJumpToHomeMenu
 .text.aptMainLoop
                0x0000000000109500       0x48 C:/devkitPro/libctru/lib\libctru.a(apt.o)
                0x0000000000109500                aptMainLoop
 .text.aptInit  0x0000000000109548      0x22c C:/devkitPro/libctru/lib\libctru.a(apt.o)
                0x0000000000109548                aptInit
 .text.APT_CheckNew3DS
                0x0000000000109774       0x7c C:/devkitPro/libctru/lib\libctru.a(apt.o)
                0x0000000000109774                APT_CheckNew3DS
 .text.hidShouldUseIrrst
                0x00000000001097f0       0x24 C:/devkitPro/libctru/lib\libctru.a(hid.o)
                0x00000000001097f0                hidShouldUseIrrst
 .text.hidInit  0x0000000000109814      0x18c C:/devkitPro/libctru/lib\libctru.a(hid.o)
                0x0000000000109814                hidInit
 .text.hidExit  0x00000000001099a0       0xe8 C:/devkitPro/libctru/lib\libctru.a(hid.o)
                0x00000000001099a0                hidExit
 .text.hidScanInput
                0x0000000000109a88      0x2a4 C:/devkitPro/libctru/lib\libctru.a(hid.o)
                0x0000000000109a88                hidScanInput
 .text.hidKeysDown
                0x0000000000109d2c       0x10 C:/devkitPro/libctru/lib\libctru.a(hid.o)
                0x0000000000109d2c                hidKeysDown
 .text.ptmSysmInit
                0x0000000000109d3c       0x74 C:/devkitPro/libctru/lib\libctru.a(ptmsysm.o)
                0x0000000000109d3c                ptmSysmInit
 .text.ptmSysmExit
                0x0000000000109db0       0x3c C:/devkitPro/libctru/lib\libctru.a(ptmsysm.o)
                0x0000000000109db0                ptmSysmExit
 .text.PTMSYSM_ConfigureNew3DSCPU
                0x0000000000109dec       0x34 C:/devkitPro/libctru/lib\libctru.a(ptmsysm.o)
                0x0000000000109dec                PTMSYSM_ConfigureNew3DSCPU
 .text.fsInit   0x0000000000109e20       0xcc C:/devkitPro/libctru/lib\libctru.a(fs.o)
                0x0000000000109e20                fsInit
 .text.fsExit   0x0000000000109eec       0x3c C:/devkitPro/libctru/lib\libctru.a(fs.o)
                0x0000000000109eec                fsExit
 .text.fsExemptFromSession
                0x0000000000109f28       0x60 C:/devkitPro/libctru/lib\libctru.a(fs.o)
                0x0000000000109f28                fsExemptFromSession
 .text.fsUnexemptFromSession
                0x0000000000109f88       0x50 C:/devkitPro/libctru/lib\libctru.a(fs.o)
                0x0000000000109f88                fsUnexemptFromSession
 .text.FSUSER_OpenFile
                0x0000000000109fd8       0xcc C:/devkitPro/libctru/lib\libctru.a(fs.o)
                0x0000000000109fd8                FSUSER_OpenFile
 .text.FSUSER_OpenFileDirectly
                0x000000000010a0a4       0xd4 C:/devkitPro/libctru/lib\libctru.a(fs.o)
                0x000000000010a0a4                FSUSER_OpenFileDirectly
 .text.FSUSER_DeleteFile
                0x000000000010a178       0xbc C:/devkitPro/libctru/lib\libctru.a(fs.o)
                0x000000000010a178                FSUSER_DeleteFile
 .text.FSUSER_RenameFile
                0x000000000010a234       0xf8 C:/devkitPro/libctru/lib\libctru.a(fs.o)
                0x000000000010a234                FSUSER_RenameFile
 .text.FSUSER_DeleteDirectory
                0x000000000010a32c       0xbc C:/devkitPro/libctru/lib\libctru.a(fs.o)
                0x000000000010a32c                FSUSER_DeleteDirectory
 .text.FSUSER_CreateFile
                0x000000000010a3e8       0xd4 C:/devkitPro/libctru/lib\libctru.a(fs.o)
                0x000000000010a3e8                FSUSER_CreateFile
 .text.FSUSER_CreateDirectory
                0x000000000010a4bc       0xc4 C:/devkitPro/libctru/lib\libctru.a(fs.o)
                0x000000000010a4bc                FSUSER_CreateDirectory
 .text.FSUSER_RenameDirectory
                0x000000000010a580       0xf8 C:/devkitPro/libctru/lib\libctru.a(fs.o)
                0x000000000010a580                FSUSER_RenameDirectory
 .text.FSUSER_OpenDirectory
                0x000000000010a678       0xb4 C:/devkitPro/libctru/lib\libctru.a(fs.o)
                0x000000000010a678                FSUSER_OpenDirectory
 .text.FSUSER_OpenArchive
                0x000000000010a72c       0x98 C:/devkitPro/libctru/lib\libctru.a(fs.o)
                0x000000000010a72c                FSUSER_OpenArchive
 .text.FSUSER_CloseArchive
                0x000000000010a7c4       0x8c C:/devkitPro/libctru/lib\libctru.a(fs.o)
                0x000000000010a7c4                FSUSER_CloseArchive
 .text.FSUSER_GetSdmcArchiveResource
                0x000000000010a850       0x74 C:/devkitPro/libctru/lib\libctru.a(fs.o)
                0x000000000010a850                FSUSER_GetSdmcArchiveResource
 .text.FSUSER_IsSdmcWritable
                0x000000000010a8c4       0x64 C:/devkitPro/libctru/lib\libctru.a(fs.o)
                0x000000000010a8c4                FSUSER_IsSdmcWritable
 .text.FSFILE_Read
                0x000000000010a928       0x58 C:/devkitPro/libctru/lib\libctru.a(fs.o)
                0x000000000010a928                FSFILE_Read
 .text.FSFILE_Write
                0x000000000010a980       0x60 C:/devkitPro/libctru/lib\libctru.a(fs.o)
                0x000000000010a980                FSFILE_Write
 .text.FSFILE_GetSize
                0x000000000010a9e0       0x3c C:/devkitPro/libctru/lib\libctru.a(fs.o)
                0x000000000010a9e0                FSFILE_GetSize
 .text.FSFILE_SetSize
                0x000000000010aa1c       0x28 C:/devkitPro/libctru/lib\libctru.a(fs.o)
                0x000000000010aa1c                FSFILE_SetSize
 .text.FSFILE_Close
                0x000000000010aa44       0x3c C:/devkitPro/libctru/lib\libctru.a(fs.o)
                0x000000000010aa44                FSFILE_Close
 .text.FSFILE_Flush
                0x000000000010aa80       0x24 C:/devkitPro/libctru/lib\libctru.a(fs.o)
                0x000000000010aa80                FSFILE_Flush
 .text.FSDIR_Read
                0x000000000010aaa4       0x50 C:/devkitPro/libctru/lib\libctru.a(fs.o)
                0x000000000010aaa4                FSDIR_Read
 .text.FSDIR_Close
                0x000000000010aaf4       0x3c C:/devkitPro/libctru/lib\libctru.a(fs.o)
                0x000000000010aaf4                FSDIR_Close
 .text.rbtree_init
                0x000000000010ab30       0x10 C:/devkitPro/libctru/lib\libctru.a(rbtree_init.o)
                0x000000000010ab30                rbtree_init
 .text.do_insert
                0x000000000010ab40      0x1b4 C:/devkitPro/libctru/lib\libctru.a(rbtree_insert.o)
 .text.rbtree_insert
                0x000000000010acf4        0x8 C:/devkitPro/libctru/lib\libctru.a(rbtree_insert.o)
                0x000000000010acf4                rbtree_insert
 .text.rbtree_rotate
                0x000000000010acfc       0x90 C:/devkitPro/libctru/lib\libctru.a(rbtree_rotate.o)
                0x000000000010acfc                rbtree_rotate
 .text.rbtree_remove
                0x000000000010ad8c      0x318 C:/devkitPro/libctru/lib\libctru.a(rbtree_remove.o)
                0x000000000010ad8c                rbtree_remove
 .text.rbtree_find
                0x000000000010b0a4       0x74 C:/devkitPro/libctru/lib\libctru.a(rbtree_find.o)
                0x000000000010b0a4                rbtree_find
 .text.utf16_to_utf8
                0x000000000010b118       0xe8 C:/devkitPro/libctru/lib\libctru.a(utf16_to_utf8.o)
                0x000000000010b118                utf16_to_utf8
 .text.decode_utf16
                0x000000000010b200       0x64 C:/devkitPro/libctru/lib\libctru.a(decode_utf16.o)
                0x000000000010b200                decode_utf16
 .text.utf8_to_utf16
                0x000000000010b264       0xc0 C:/devkitPro/libctru/lib\libctru.a(utf8_to_utf16.o)
                0x000000000010b264                utf8_to_utf16
 .text.__syscall_getreent
                0x000000000010b324       0x30 C:/devkitPro/libctru/lib\libctru.a(syscalls.o)
                0x000000000010b324                __syscall_getreent
 .text.__syscall_gettod_r
                0x000000000010b354       0x74 C:/devkitPro/libctru/lib\libctru.a(syscalls.o)
                0x000000000010b354                __syscall_gettod_r
 .text.__syscall_lock_acquire
                0x000000000010b3c8        0x4 C:/devkitPro/libctru/lib\libctru.a(syscalls.o)
                0x000000000010b3c8                __syscall_lock_acquire
 .text.__syscall_lock_release
                0x000000000010b3cc        0x4 C:/devkitPro/libctru/lib\libctru.a(syscalls.o)
                0x000000000010b3cc                __syscall_lock_release
 .text.__syscall_lock_init_recursive
                0x000000000010b3d0        0x4 C:/devkitPro/libctru/lib\libctru.a(syscalls.o)
                0x000000000010b3d0                __syscall_lock_init_recursive
 .text.__syscall_lock_acquire_recursive
                0x000000000010b3d4        0x4 C:/devkitPro/libctru/lib\libctru.a(syscalls.o)
                0x000000000010b3d4                __syscall_lock_acquire_recursive
 .text.__syscall_lock_release_recursive
                0x000000000010b3d8        0x4 C:/devkitPro/libctru/lib\libctru.a(syscalls.o)
                0x000000000010b3d8                __syscall_lock_release_recursive
 .text.__syscall_exit
                0x000000000010b3dc        0x4 C:/devkitPro/libctru/lib\libctru.a(syscalls.o)
                0x000000000010b3dc                __syscall_exit
 .text.initThreadVars
                0x000000000010b3e0       0x50 C:/devkitPro/libctru/lib\libctru.a(syscalls.o)
                0x000000000010b3e0                initThreadVars
 .text.__system_initSyscalls
                0x000000000010b430       0x68 C:/devkitPro/libctru/lib\libctru.a(syscalls.o)
                0x000000000010b430                __system_initSyscalls
 .text.__system_allocateHeaps
                0x000000000010b498      0x1e0 C:/devkitPro/libctru/lib\libctru.a(allocateHeaps.o)
                0x000000000010b498                __system_allocateHeaps
 .text.__libctru_init
                0x000000000010b678       0x38 C:/devkitPro/libctru/lib\libctru.a(ctru_init.o)
                0x000000000010b678                __libctru_init
 .text.__system_initArgv
                0x000000000010b6b0      0x170 C:/devkitPro/libctru/lib\libctru.a(initArgv.o)
                0x000000000010b6b0                __system_initArgv
 .text.svcControlMemory
                0x000000000010b820       0x20 C:/devkitPro/libctru/lib\libctru.a(svc.o)
                0x000000000010b820                svcControlMemory
 .text.svcQueryMemory
                0x000000000010b840       0x30 C:/devkitPro/libctru/lib\libctru.a(svc.o)
                0x000000000010b840                svcQueryMemory
 .text.svcExitProcess
                0x000000000010b870        0x8 C:/devkitPro/libctru/lib\libctru.a(svc.o)
                0x000000000010b870                svcExitProcess
 .text.svcCreateThread
                0x000000000010b878       0x20 C:/devkitPro/libctru/lib\libctru.a(svc.o)
                0x000000000010b878                svcCreateThread
 .text.svcExitThread
                0x000000000010b898        0x8 C:/devkitPro/libctru/lib\libctru.a(svc.o)
                0x000000000010b898                svcExitThread
 .text.svcSleepThread
                0x000000000010b8a0        0x8 C:/devkitPro/libctru/lib\libctru.a(svc.o)
                0x000000000010b8a0                svcSleepThread
 .text.svcGetThreadPriority
                0x000000000010b8a8       0x14 C:/devkitPro/libctru/lib\libctru.a(svc.o)
                0x000000000010b8a8                svcGetThreadPriority
 .text.svcReleaseMutex
                0x000000000010b8bc        0x8 C:/devkitPro/libctru/lib\libctru.a(svc.o)
                0x000000000010b8bc                svcReleaseMutex
 .text.svcCreateEvent
                0x000000000010b8c4       0x14 C:/devkitPro/libctru/lib\libctru.a(svc.o)
                0x000000000010b8c4                svcCreateEvent
 .text.svcSignalEvent
                0x000000000010b8d8        0x8 C:/devkitPro/libctru/lib\libctru.a(svc.o)
                0x000000000010b8d8                svcSignalEvent
 .text.svcClearEvent
                0x000000000010b8e0        0x8 C:/devkitPro/libctru/lib\libctru.a(svc.o)
                0x000000000010b8e0                svcClearEvent
 .text.svcMapMemoryBlock
                0x000000000010b8e8        0x8 C:/devkitPro/libctru/lib\libctru.a(svc.o)
                0x000000000010b8e8                svcMapMemoryBlock
 .text.svcUnmapMemoryBlock
                0x000000000010b8f0        0x8 C:/devkitPro/libctru/lib\libctru.a(svc.o)
                0x000000000010b8f0                svcUnmapMemoryBlock
 .text.svcCreateAddressArbiter
                0x000000000010b8f8       0x14 C:/devkitPro/libctru/lib\libctru.a(svc.o)
                0x000000000010b8f8                svcCreateAddressArbiter
 .text.svcArbitrateAddressNoTimeout
                0x000000000010b90c        0x8 C:/devkitPro/libctru/lib\libctru.a(svc.o)
                0x000000000010b90c                svcArbitrateAddressNoTimeout
 .text.svcCloseHandle
                0x000000000010b914        0x8 C:/devkitPro/libctru/lib\libctru.a(svc.o)
                0x000000000010b914                svcCloseHandle
 .text.svcWaitSynchronization
                0x000000000010b91c        0x8 C:/devkitPro/libctru/lib\libctru.a(svc.o)
                0x000000000010b91c                svcWaitSynchronization
 .text.svcWaitSynchronizationN
                0x000000000010b924       0x28 C:/devkitPro/libctru/lib\libctru.a(svc.o)
                0x000000000010b924                svcWaitSynchronizationN
 .text.svcDuplicateHandle
                0x000000000010b94c       0x14 C:/devkitPro/libctru/lib\libctru.a(svc.o)
                0x000000000010b94c                svcDuplicateHandle
 .text.svcGetSystemTick
                0x000000000010b960        0x8 C:/devkitPro/libctru/lib\libctru.a(svc.o)
                0x000000000010b960                svcGetSystemTick
 .text.svcConnectToPort
                0x000000000010b968       0x14 C:/devkitPro/libctru/lib\libctru.a(svc.o)
                0x000000000010b968                svcConnectToPort
 .text.svcSendSyncRequest
                0x000000000010b97c        0x8 C:/devkitPro/libctru/lib\libctru.a(svc.o)
                0x000000000010b97c                svcSendSyncRequest
 .text.svcGetResourceLimit
                0x000000000010b984       0x14 C:/devkitPro/libctru/lib\libctru.a(svc.o)
                0x000000000010b984                svcGetResourceLimit
 .text.svcGetResourceLimitLimitValues
                0x000000000010b998        0x8 C:/devkitPro/libctru/lib\libctru.a(svc.o)
                0x000000000010b998                svcGetResourceLimitLimitValues
 .text.svcGetResourceLimitCurrentValues
                0x000000000010b9a0        0x8 C:/devkitPro/libctru/lib\libctru.a(svc.o)
                0x000000000010b9a0                svcGetResourceLimitCurrentValues
 .text.svcBreak
                0x000000000010b9a8        0x8 C:/devkitPro/libctru/lib\libctru.a(svc.o)
                0x000000000010b9a8                svcBreak
 .text.initSystem
                0x000000000010b9b0       0x50 C:/devkitPro/libctru/lib\libctru.a(stack_adjust.o)
                0x000000000010b9b0                initSystem
 .text.__ctru_exit
                0x000000000010ba00       0x18 C:/devkitPro/libctru/lib\libctru.a(stack_adjust.o)
                0x000000000010ba00                __ctru_exit
 .text.__aeabi_read_tp
                0x000000000010ba18        0xc C:/devkitPro/libctru/lib\libctru.a(readtp.o)
                0x000000000010ba18                __aeabi_read_tp
 .text._ZL21addrMapNodeComparatorPK11rbtree_nodeS1_
                0x000000000010ba24       0x24 C:/devkitPro/libctru/lib\libctru.a(vram.o)
 .text._ZL21addrMapNodeDestructorP11rbtree_node
                0x000000000010ba48        0x4 C:/devkitPro/libctru/lib\libctru.a(vram.o)
 .text.vramMemAlignAt
                0x000000000010ba4c      0x250 C:/devkitPro/libctru/lib\libctru.a(vram.o)
                0x000000000010ba4c                vramMemAlignAt
 .text.vramAlloc
                0x000000000010bc9c        0xc C:/devkitPro/libctru/lib\libctru.a(vram.o)
                0x000000000010bc9c                vramAlloc
 .text.vramFree
                0x000000000010bca8       0x90 C:/devkitPro/libctru/lib\libctru.a(vram.o)
                0x000000000010bca8                vramFree
 .text.envGetHandle
                0x000000000010bd38       0x84 C:/devkitPro/libctru/lib\libctru.a(env.o)
                0x000000000010bd38                envGetHandle
 .text.envDestroyHandles
                0x000000000010bdbc       0x50 C:/devkitPro/libctru/lib\libctru.a(env.o)
                0x000000000010bdbc                envDestroyHandles
 .text.srvInit  0x000000000010be0c      0x130 C:/devkitPro/libctru/lib\libctru.a(srv.o)
                0x000000000010be0c                srvInit
 .text.srvExit  0x000000000010bf3c       0x58 C:/devkitPro/libctru/lib\libctru.a(srv.o)
                0x000000000010bf3c                srvExit
 .text.srvGetServiceHandleDirect
                0x000000000010bf94       0xa0 C:/devkitPro/libctru/lib\libctru.a(srv.o)
                0x000000000010bf94                srvGetServiceHandleDirect
 .text.srvGetServiceHandle
                0x000000000010c034       0x38 C:/devkitPro/libctru/lib\libctru.a(srv.o)
                0x000000000010c034                srvGetServiceHandle
 .text.srvPublishToSubscriber
                0x000000000010c06c       0x38 C:/devkitPro/libctru/lib\libctru.a(srv.o)
                0x000000000010c06c                srvPublishToSubscriber
 .text.mappableFindAddressWithin
                0x000000000010c0a4       0xb4 C:/devkitPro/libctru/lib\libctru.a(mappable.o)
 .text.mappableInit
                0x000000000010c158       0x28 C:/devkitPro/libctru/lib\libctru.a(mappable.o)
                0x000000000010c158                mappableInit
 .text.mappableAlloc
                0x000000000010c180       0x80 C:/devkitPro/libctru/lib\libctru.a(mappable.o)
                0x000000000010c180                mappableAlloc
 .text.mappableFree
                0x000000000010c200        0x4 C:/devkitPro/libctru/lib\libctru.a(mappable.o)
                0x000000000010c200                mappableFree
 .text.irrstInit
                0x000000000010c204      0x164 C:/devkitPro/libctru/lib\libctru.a(irrst.o)
                0x000000000010c204                irrstInit
 .text.irrstExit
                0x000000000010c368       0xcc C:/devkitPro/libctru/lib\libctru.a(irrst.o)
                0x000000000010c368                irrstExit
 .text.irrstScanInput
                0x000000000010c434       0xb4 C:/devkitPro/libctru/lib\libctru.a(irrst.o)
                0x000000000010c434                irrstScanInput
 .text.irrstKeysHeld
                0x000000000010c4e8       0x24 C:/devkitPro/libctru/lib\libctru.a(irrst.o)
                0x000000000010c4e8                irrstKeysHeld
 .text.srvPmGetSessionHandle
                0x000000000010c50c        0xc C:/devkitPro/libctru/lib\libctru.a(srvpm.o)
                0x000000000010c50c                srvPmGetSessionHandle
 .text.rbtree_node_next
                0x000000000010c518       0x5c C:/devkitPro/libctru/lib\libctru.a(rbtree_iterator.o)
                0x000000000010c518                rbtree_node_next
 .text.encode_utf16
                0x000000000010c574       0x54 C:/devkitPro/libctru/lib\libctru.a(encode_utf16.o)
                0x000000000010c574                encode_utf16
 .text.encode_utf8
                0x000000000010c5c8       0xe0 C:/devkitPro/libctru/lib\libctru.a(encode_utf8.o)
                0x000000000010c5c8                encode_utf8
 .text.decode_utf8
                0x000000000010c6a8      0x13c C:/devkitPro/libctru/lib\libctru.a(decode_utf8.o)
                0x000000000010c6a8                decode_utf8
 .text.__appInit
                0x000000000010c7e4       0x30 C:/devkitPro/libctru/lib\libctru.a(appInit.o)
                0x000000000010c7e4                __appInit
 .text.__appExit
                0x000000000010c814       0x30 C:/devkitPro/libctru/lib\libctru.a(appExit.o)
                0x000000000010c814                __appExit
 .text.__libctru_exit
                0x000000000010c844       0x90 C:/devkitPro/libctru/lib\libctru.a(ctru_exit.o)
                0x000000000010c844                __libctru_exit
 .text.archive_link
                0x000000000010c8d4       0x14 C:/devkitPro/libctru/lib\libctru.a(archive_dev.o)
 .text.archive_dirreset
                0x000000000010c8e8       0x14 C:/devkitPro/libctru/lib\libctru.a(archive_dev.o)
 .text.archive_chmod
                0x000000000010c8fc       0x14 C:/devkitPro/libctru/lib\libctru.a(archive_dev.o)
 .text.error_cmp
                0x000000000010c910       0x24 C:/devkitPro/libctru/lib\libctru.a(archive_dev.o)
 .text.archive_translate_error
                0x000000000010c934       0x50 C:/devkitPro/libctru/lib\libctru.a(archive_dev.o)
 .text.archive_seek
                0x000000000010c984       0xc8 C:/devkitPro/libctru/lib\libctru.a(archive_dev.o)
 .text._archiveInit.part.0
                0x000000000010ca4c       0x7c C:/devkitPro/libctru/lib\libctru.a(archive_dev.o)
 .text.archiveFindDevice.part.0
                0x000000000010cac8       0xc4 C:/devkitPro/libctru/lib\libctru.a(archive_dev.o)
 .text.archive_utf16path
                0x000000000010cb8c      0x25c C:/devkitPro/libctru/lib\libctru.a(archive_dev.o)
 .text._archiveUnmountDeviceStruct.part.0
                0x000000000010cde8       0xa0 C:/devkitPro/libctru/lib\libctru.a(archive_dev.o)
 .text.archive_fchmod
                0x000000000010ce88       0x14 C:/devkitPro/libctru/lib\libctru.a(archive_dev.o)
 .text.archive_statvfs
                0x000000000010ce9c       0x14 C:/devkitPro/libctru/lib\libctru.a(archive_dev.o)
 .text._archiveMountDevice
                0x000000000010ceb0      0x164 C:/devkitPro/libctru/lib\libctru.a(archive_dev.o)
 .text.archive_diropen
                0x000000000010d014       0xe8 C:/devkitPro/libctru/lib\libctru.a(archive_dev.o)
 .text.archive_fstat
                0x000000000010d0fc       0xa4 C:/devkitPro/libctru/lib\libctru.a(archive_dev.o)
 .text.archive_close
                0x000000000010d1a0       0x6c C:/devkitPro/libctru/lib\libctru.a(archive_dev.o)
 .text.archive_fsync
                0x000000000010d20c       0x6c C:/devkitPro/libctru/lib\libctru.a(archive_dev.o)
 .text.archive_dirclose
                0x000000000010d278       0x70 C:/devkitPro/libctru/lib\libctru.a(archive_dev.o)
 .text.sdmc_statvfs
                0x000000000010d2e8       0xe8 C:/devkitPro/libctru/lib\libctru.a(archive_dev.o)
 .text.archive_chdir
                0x000000000010d3d0       0xec C:/devkitPro/libctru/lib\libctru.a(archive_dev.o)
 .text.archive_ftruncate
                0x000000000010d4bc       0x7c C:/devkitPro/libctru/lib\libctru.a(archive_dev.o)
 .text.archive_read
                0x000000000010d538       0xac C:/devkitPro/libctru/lib\libctru.a(archive_dev.o)
 .text.archive_unlink
                0x000000000010d5e4       0xa4 C:/devkitPro/libctru/lib\libctru.a(archive_dev.o)
 .text.archive_rmdir
                0x000000000010d688       0xbc C:/devkitPro/libctru/lib\libctru.a(archive_dev.o)
 .text.archive_mkdir
                0x000000000010d744       0xdc C:/devkitPro/libctru/lib\libctru.a(archive_dev.o)
 .text.archive_stat
                0x000000000010d820      0x19c C:/devkitPro/libctru/lib\libctru.a(archive_dev.o)
 .text.archive_dirnext
                0x000000000010d9bc      0x15c C:/devkitPro/libctru/lib\libctru.a(archive_dev.o)
 .text.archive_write
                0x000000000010db18       0xec C:/devkitPro/libctru/lib\libctru.a(archive_dev.o)
 .text.archive_open
                0x000000000010dc04      0x1d4 C:/devkitPro/libctru/lib\libctru.a(archive_dev.o)
 .text.archive_rename
                0x000000000010ddd8      0x278 C:/devkitPro/libctru/lib\libctru.a(archive_dev.o)
 .text.archiveMountSdmc
                0x000000000010e050      0x19c C:/devkitPro/libctru/lib\libctru.a(archive_dev.o)
                0x000000000010e050                archiveMountSdmc
 .text.archiveUnmountAll
                0x000000000010e1ec       0x54 C:/devkitPro/libctru/lib\libctru.a(archive_dev.o)
                0x000000000010e1ec                archiveUnmountAll
 .text.op_granpos_add
                0x000000000010e240      0x104 C:/devkitPro/portlibs/3ds/lib\libopusfile.a(opusfile.o)
 .text.op_stereo_filter
                0x000000000010e344       0xfc C:/devkitPro/portlibs/3ds/lib\libopusfile.a(opusfile.o)
 .text.op_get_next_page
                0x000000000010e440      0x178 C:/devkitPro/portlibs/3ds/lib\libopusfile.a(opusfile.o)
 .text.op_fetch_headers_impl
                0x000000000010e5b8      0x2e4 C:/devkitPro/portlibs/3ds/lib\libopusfile.a(opusfile.o)
 .text.op_fetch_headers
                0x000000000010e89c       0xa8 C:/devkitPro/portlibs/3ds/lib\libopusfile.a(opusfile.o)
 .text.op_get_packet_duration
                0x000000000010e944       0x38 C:/devkitPro/portlibs/3ds/lib\libopusfile.a(opusfile.o)
 .text.op_collect_audio_packets
                0x000000000010e97c       0x98 C:/devkitPro/portlibs/3ds/lib\libopusfile.a(opusfile.o)
 .text.op_clear
                0x000000000010ea14       0xd4 C:/devkitPro/portlibs/3ds/lib\libopusfile.a(opusfile.o)
 .text.op_seek_helper
                0x000000000010eae8       0x6c C:/devkitPro/portlibs/3ds/lib\libopusfile.a(opusfile.o)
 .text.op_float2short_filter
                0x000000000010eb54      0x438 C:/devkitPro/portlibs/3ds/lib\libopusfile.a(opusfile.o)
 .text.op_decode
                0x000000000010ef8c       0xa4 C:/devkitPro/portlibs/3ds/lib\libopusfile.a(opusfile.o)
 .text.op_rescale64.part.0
                0x000000000010f030       0xe4 C:/devkitPro/portlibs/3ds/lib\libopusfile.a(opusfile.o)
 .text.op_granpos_diff
                0x000000000010f114       0xe4 C:/devkitPro/portlibs/3ds/lib\libopusfile.a(opusfile.o)
 .text.op_find_initial_pcm_offset
                0x000000000010f1f8      0x394 C:/devkitPro/portlibs/3ds/lib\libopusfile.a(opusfile.o)
 .text.op_find_final_pcm_offset
                0x000000000010f58c      0x308 C:/devkitPro/portlibs/3ds/lib\libopusfile.a(opusfile.o)
 .text.op_update_gain.part.7
                0x000000000010f894       0xcc C:/devkitPro/portlibs/3ds/lib\libopusfile.a(opusfile.o)
 .text.op_make_decode_ready.part.8
                0x000000000010f960      0x140 C:/devkitPro/portlibs/3ds/lib\libopusfile.a(opusfile.o)
 .text.op_fetch_and_process_page
                0x000000000010faa0      0x8fc C:/devkitPro/portlibs/3ds/lib\libopusfile.a(opusfile.o)
 .text.op_float2short_stereo_filter
                0x000000000011039c       0xb4 C:/devkitPro/portlibs/3ds/lib\libopusfile.a(opusfile.o)
 .text.op_read_native.part.10
                0x0000000000110450      0x408 C:/devkitPro/portlibs/3ds/lib\libopusfile.a(opusfile.o)
 .text.op_filter_read_native
                0x0000000000110858       0xb8 C:/devkitPro/portlibs/3ds/lib\libopusfile.a(opusfile.o)
 .text.op_open_seekable2
                0x0000000000110910      0xea4 C:/devkitPro/portlibs/3ds/lib\libopusfile.a(opusfile.o)
 .text.op_open2
                0x00000000001117b4       0x64 C:/devkitPro/portlibs/3ds/lib\libopusfile.a(opusfile.o)
 .text.op_test_callbacks
                0x0000000000111818      0x244 C:/devkitPro/portlibs/3ds/lib\libopusfile.a(opusfile.o)
                0x0000000000111818                op_test_callbacks
 .text.op_open_callbacks
                0x0000000000111a5c       0x4c C:/devkitPro/portlibs/3ds/lib\libopusfile.a(opusfile.o)
                0x0000000000111a5c                op_open_callbacks
 .text.op_open_close_on_failure
                0x0000000000111aa8       0x64 C:/devkitPro/portlibs/3ds/lib\libopusfile.a(opusfile.o)
 .text.op_open_file
                0x0000000000111b0c       0x34 C:/devkitPro/portlibs/3ds/lib\libopusfile.a(opusfile.o)
                0x0000000000111b0c                op_open_file
 .text.op_free  0x0000000000111b40       0x20 C:/devkitPro/portlibs/3ds/lib\libopusfile.a(opusfile.o)
                0x0000000000111b40                op_free
 .text.op_read_stereo
                0x0000000000111b60       0x24 C:/devkitPro/portlibs/3ds/lib\libopusfile.a(opusfile.o)
                0x0000000000111b60                op_read_stereo
 .text.op_ftell
                0x0000000000111b84        0x4 C:/devkitPro/portlibs/3ds/lib\libopusfile.a(stream.o)
 .text.op_fseek
                0x0000000000111b88        0x4 C:/devkitPro/portlibs/3ds/lib\libopusfile.a(stream.o)
 .text.op_fread
                0x0000000000111b8c       0x44 C:/devkitPro/portlibs/3ds/lib\libopusfile.a(stream.o)
 .text.op_fopen
                0x0000000000111bd0       0x34 C:/devkitPro/portlibs/3ds/lib\libopusfile.a(stream.o)
                0x0000000000111bd0                op_fopen
 .text.op_strdup_with_len
                0x0000000000111c04       0x50 C:/devkitPro/portlibs/3ds/lib\libopusfile.a(info.o)
 .text.op_tags_ensure_capacity
                0x0000000000111c54       0x9c C:/devkitPro/portlibs/3ds/lib\libopusfile.a(info.o)
 .text.opus_tags_parse_impl
                0x0000000000111cf0      0x1f4 C:/devkitPro/portlibs/3ds/lib\libopusfile.a(info.o)
 .text.opus_tags_get_gain.isra.0.constprop.1
                0x0000000000111ee4       0xf4 C:/devkitPro/portlibs/3ds/lib\libopusfile.a(info.o)
 .text.opus_head_parse
                0x0000000000111fd8      0x204 C:/devkitPro/portlibs/3ds/lib\libopusfile.a(info.o)
                0x0000000000111fd8                opus_head_parse
 .text.opus_tags_clear
                0x00000000001121dc       0x60 C:/devkitPro/portlibs/3ds/lib\libopusfile.a(info.o)
                0x00000000001121dc                opus_tags_clear
 .text.opus_tags_parse
                0x000000000011223c       0x74 C:/devkitPro/portlibs/3ds/lib\libopusfile.a(info.o)
                0x000000000011223c                opus_tags_parse
 .text.opus_tags_get_album_gain
                0x00000000001122b0       0x1c C:/devkitPro/portlibs/3ds/lib\libopusfile.a(info.o)
                0x00000000001122b0                opus_tags_get_album_gain
 .text.opus_tags_get_track_gain
                0x00000000001122cc       0x1c C:/devkitPro/portlibs/3ds/lib\libopusfile.a(info.o)
                0x00000000001122cc                opus_tags_get_track_gain
 .text.op_strncasecmp
                0x00000000001122e8       0x58 C:/devkitPro/portlibs/3ds/lib\libopusfile.a(internal.o)
                0x00000000001122e8                op_strncasecmp
 .text.lrintf   0x0000000000112340       0xc0 c:/devkitpro/devkitarm/bin/../lib/gcc/arm-none-eabi/12.1.0/../../../../arm-none-eabi/lib/armv6k/fpu\libm.a(lib_a-sf_lrint.o)
                0x0000000000112340                lrintf
 .text._os_update_crc
                0x0000000000112400      0x100 C:/devkitPro/portlibs/3ds/lib\libogg.a(framing.o)
 .text._packetout
                0x0000000000112500      0x12c C:/devkitPro/portlibs/3ds/lib\libogg.a(framing.o)
 .text.ogg_page_bos
                0x000000000011262c       0x10 C:/devkitPro/portlibs/3ds/lib\libogg.a(framing.o)
                0x000000000011262c                ogg_page_bos
 .text.ogg_page_granulepos
                0x000000000011263c       0x44 C:/devkitPro/portlibs/3ds/lib\libogg.a(framing.o)
                0x000000000011263c                ogg_page_granulepos
 .text.ogg_page_serialno
                0x0000000000112680        0xc C:/devkitPro/portlibs/3ds/lib\libogg.a(framing.o)
                0x0000000000112680                ogg_page_serialno
 .text.ogg_stream_clear
                0x000000000011268c       0x54 C:/devkitPro/portlibs/3ds/lib\libogg.a(framing.o)
                0x000000000011268c                ogg_stream_clear
 .text.ogg_stream_init
                0x00000000001126e0       0x98 C:/devkitPro/portlibs/3ds/lib\libogg.a(framing.o)
                0x00000000001126e0                ogg_stream_init
 .text._os_body_expand
                0x0000000000112778       0x78 C:/devkitPro/portlibs/3ds/lib\libogg.a(framing.o)
 .text._os_lacing_expand
                0x00000000001127f0       0x8c C:/devkitPro/portlibs/3ds/lib\libogg.a(framing.o)
 .text.ogg_page_checksum_set
                0x000000000011287c       0x78 C:/devkitPro/portlibs/3ds/lib\libogg.a(framing.o)
                0x000000000011287c                ogg_page_checksum_set
 .text.ogg_sync_init
                0x00000000001128f4       0x30 C:/devkitPro/portlibs/3ds/lib\libogg.a(framing.o)
                0x00000000001128f4                ogg_sync_init
 .text.ogg_sync_clear
                0x0000000000112924       0x44 C:/devkitPro/portlibs/3ds/lib\libogg.a(framing.o)
                0x0000000000112924                ogg_sync_clear
 .text.ogg_sync_buffer
                0x0000000000112968       0xc8 C:/devkitPro/portlibs/3ds/lib\libogg.a(framing.o)
                0x0000000000112968                ogg_sync_buffer
 .text.ogg_sync_wrote
                0x0000000000112a30       0x34 C:/devkitPro/portlibs/3ds/lib\libogg.a(framing.o)
                0x0000000000112a30                ogg_sync_wrote
 .text.ogg_sync_pageseek
                0x0000000000112a64      0x1d8 C:/devkitPro/portlibs/3ds/lib\libogg.a(framing.o)
                0x0000000000112a64                ogg_sync_pageseek
 *fill*         0x0000000000112c3c        0x4 
 .text.ogg_stream_pagein
                0x0000000000112c40      0x380 C:/devkitPro/portlibs/3ds/lib\libogg.a(framing.o)
                0x0000000000112c40                ogg_stream_pagein
 .text.ogg_sync_reset
                0x0000000000112fc0       0x30 C:/devkitPro/portlibs/3ds/lib\libogg.a(framing.o)
                0x0000000000112fc0                ogg_sync_reset
 .text.ogg_stream_reset_serialno
                0x0000000000112ff0       0x68 C:/devkitPro/portlibs/3ds/lib\libogg.a(framing.o)
                0x0000000000112ff0                ogg_stream_reset_serialno
 .text.ogg_stream_packetout
                0x0000000000113058       0x24 C:/devkitPro/portlibs/3ds/lib\libogg.a(framing.o)
                0x0000000000113058                ogg_stream_packetout
 .text.opus_pcm_soft_clip
                0x000000000011307c      0x380 C:/devkitPro/portlibs/3ds/lib\libopus.a(opus.o)
                0x000000000011307c                opus_pcm_soft_clip
 .text.opus_packet_get_samples_per_frame
                0x00000000001133fc       0xa4 C:/devkitPro/portlibs/3ds/lib\libopus.a(opus.o)
                0x00000000001133fc                opus_packet_get_samples_per_frame
 .text.opus_packet_parse_impl
                0x00000000001134a0      0x480 C:/devkitPro/portlibs/3ds/lib\libopus.a(opus.o)
                0x00000000001134a0                opus_packet_parse_impl
 .text.smooth_fade
                0x0000000000113920       0xb4 C:/devkitPro/portlibs/3ds/lib\libopus.a(opus_decoder.o)
 *fill*         0x00000000001139d4        0x4 
 .text.opus_decode_frame
                0x00000000001139d8      0xe24 C:/devkitPro/portlibs/3ds/lib\libopus.a(opus_decoder.o)
 .text.opus_decoder_get_size.part.2
                0x00000000001147fc       0x4c C:/devkitPro/portlibs/3ds/lib\libopus.a(opus_decoder.o)
 .text.opus_decoder_get_size
                0x0000000000114848       0x18 C:/devkitPro/portlibs/3ds/lib\libopus.a(opus_decoder.o)
                0x0000000000114848                opus_decoder_get_size
 .text.opus_decoder_init
                0x0000000000114860      0x140 C:/devkitPro/portlibs/3ds/lib\libopus.a(opus_decoder.o)
                0x0000000000114860                opus_decoder_init
 .text.opus_decode_native
                0x00000000001149a0      0x604 C:/devkitPro/portlibs/3ds/lib\libopus.a(opus_decoder.o)
                0x00000000001149a0                opus_decode_native
 .text.opus_decoder_ctl
                0x0000000000114fa4      0x2e0 C:/devkitPro/portlibs/3ds/lib\libopus.a(opus_decoder.o)
                0x0000000000114fa4                opus_decoder_ctl
 .text.opus_packet_get_nb_frames
                0x0000000000115284       0x50 C:/devkitPro/portlibs/3ds/lib\libopus.a(opus_decoder.o)
                0x0000000000115284                opus_packet_get_nb_frames
 .text.opus_packet_get_nb_samples
                0x00000000001152d4       0x74 C:/devkitPro/portlibs/3ds/lib\libopus.a(opus_decoder.o)
                0x00000000001152d4                opus_packet_get_nb_samples
 .text.opus_copy_channel_out_float
                0x0000000000115348       0x78 C:/devkitPro/portlibs/3ds/lib\libopus.a(opus_multistream_decoder.o)
 .text.opus_multistream_decoder_get_size.part.2
                0x00000000001153c0       0x44 C:/devkitPro/portlibs/3ds/lib\libopus.a(opus_multistream_decoder.o)
 .text.opus_multistream_decoder_init
                0x0000000000115404      0x128 C:/devkitPro/portlibs/3ds/lib\libopus.a(opus_multistream_decoder.o)
                0x0000000000115404                opus_multistream_decoder_init
 .text.opus_multistream_decoder_create
                0x000000000011552c       0xe4 C:/devkitPro/portlibs/3ds/lib\libopus.a(opus_multistream_decoder.o)
                0x000000000011552c                opus_multistream_decoder_create
 .text.opus_multistream_decoder_ctl_va_list
                0x0000000000115610      0x2bc C:/devkitPro/portlibs/3ds/lib\libopus.a(opus_multistream_decoder.o)
                0x0000000000115610                opus_multistream_decoder_ctl_va_list
 .text.opus_multistream_decoder_ctl
                0x00000000001158cc       0x30 C:/devkitPro/portlibs/3ds/lib\libopus.a(opus_multistream_decoder.o)
                0x00000000001158cc                opus_multistream_decoder_ctl
 .text.opus_multistream_decode_native
                0x00000000001158fc      0x478 C:/devkitPro/portlibs/3ds/lib\libopus.a(opus_multistream_decoder.o)
                0x00000000001158fc                opus_multistream_decode_native
 .text.opus_multistream_decode_float
                0x0000000000115d74       0x3c C:/devkitPro/portlibs/3ds/lib\libopus.a(opus_multistream_decoder.o)
                0x0000000000115d74                opus_multistream_decode_float
 .text.opus_multistream_decoder_destroy
                0x0000000000115db0        0x4 C:/devkitPro/portlibs/3ds/lib\libopus.a(opus_multistream_decoder.o)
                0x0000000000115db0                opus_multistream_decoder_destroy
 .text.celt_fatal
                0x0000000000115db4       0x38 C:/devkitPro/portlibs/3ds/lib\libopus.a(celt.o)
                0x0000000000115db4                celt_fatal
 .text.resampling_factor
                0x0000000000115dec       0x88 C:/devkitPro/portlibs/3ds/lib\libopus.a(celt.o)
                0x0000000000115dec                resampling_factor
 .text.comb_filter
                0x0000000000115e74      0x2c0 C:/devkitPro/portlibs/3ds/lib\libopus.a(celt.o)
                0x0000000000115e74                comb_filter
 .text.init_caps
                0x0000000000116134       0x6c C:/devkitPro/portlibs/3ds/lib\libopus.a(celt.o)
                0x0000000000116134                init_caps
 .text.deemphasis
                0x00000000001161a0      0x224 C:/devkitPro/portlibs/3ds/lib\libopus.a(celt_decoder.o)
 .text.celt_synthesis
                0x00000000001163c4      0x498 C:/devkitPro/portlibs/3ds/lib\libopus.a(celt_decoder.o)
 *fill*         0x000000000011685c        0x4 
 .text.celt_decode_lost
                0x0000000000116860      0xeb0 C:/devkitPro/portlibs/3ds/lib\libopus.a(celt_decoder.o)
 .text.validate_celt_decoder
                0x0000000000117710      0x2d0 C:/devkitPro/portlibs/3ds/lib\libopus.a(celt_decoder.o)
                0x0000000000117710                validate_celt_decoder
 .text.celt_decoder_get_size
                0x00000000001179e0       0x40 C:/devkitPro/portlibs/3ds/lib\libopus.a(celt_decoder.o)
                0x00000000001179e0                celt_decoder_get_size
 .text.celt_decode_with_ec
                0x0000000000117a20     0x11f0 C:/devkitPro/portlibs/3ds/lib\libopus.a(celt_decoder.o)
                0x0000000000117a20                celt_decode_with_ec
 .text.opus_custom_decoder_ctl
                0x0000000000118c10      0x304 C:/devkitPro/portlibs/3ds/lib\libopus.a(celt_decoder.o)
                0x0000000000118c10                opus_custom_decoder_ctl
 .text.celt_decoder_init
                0x0000000000118f14       0xe8 C:/devkitPro/portlibs/3ds/lib\libopus.a(celt_decoder.o)
                0x0000000000118f14                celt_decoder_init
 .text.ec_tell_frac
                0x0000000000118ffc       0x48 C:/devkitPro/portlibs/3ds/lib\libopus.a(entcode.o)
                0x0000000000118ffc                ec_tell_frac
 .text.ec_dec_normalize
                0x0000000000119044       0x7c C:/devkitPro/portlibs/3ds/lib\libopus.a(entdec.o)
 .text.ec_dec_init
                0x00000000001190c0       0x60 C:/devkitPro/portlibs/3ds/lib\libopus.a(entdec.o)
                0x00000000001190c0                ec_dec_init
 .text.ec_decode
                0x0000000000119120       0x3c C:/devkitPro/portlibs/3ds/lib\libopus.a(entdec.o)
                0x0000000000119120                ec_decode
 .text.ec_decode_bin
                0x000000000011915c       0x40 C:/devkitPro/portlibs/3ds/lib\libopus.a(entdec.o)
                0x000000000011915c                ec_decode_bin
 .text.ec_dec_update
                0x000000000011919c       0x3c C:/devkitPro/portlibs/3ds/lib\libopus.a(entdec.o)
                0x000000000011919c                ec_dec_update
 .text.ec_dec_bit_logp
                0x00000000001191d8       0x34 C:/devkitPro/portlibs/3ds/lib\libopus.a(entdec.o)
                0x00000000001191d8                ec_dec_bit_logp
 .text.ec_dec_icdf
                0x000000000011920c       0x50 C:/devkitPro/portlibs/3ds/lib\libopus.a(entdec.o)
                0x000000000011920c                ec_dec_icdf
 .text.ec_dec_bits
                0x000000000011925c       0x74 C:/devkitPro/portlibs/3ds/lib\libopus.a(entdec.o)
                0x000000000011925c                ec_dec_bits
 .text.ec_dec_uint
                0x00000000001192d0      0x114 C:/devkitPro/portlibs/3ds/lib\libopus.a(entdec.o)
                0x00000000001192d0                ec_dec_uint
 .text.clt_mdct_backward_c
                0x00000000001193e4      0x214 C:/devkitPro/portlibs/3ds/lib\libopus.a(mdct.o)
                0x00000000001193e4                clt_mdct_backward_c
 .text.opus_custom_mode_create
                0x00000000001195f8       0xac C:/devkitPro/portlibs/3ds/lib\libopus.a(modes.o)
                0x00000000001195f8                opus_custom_mode_create
 .text.find_best_pitch
                0x00000000001196a4      0x120 C:/devkitPro/portlibs/3ds/lib\libopus.a(pitch.o)
 .text.pitch_downsample
                0x00000000001197c4      0x254 C:/devkitPro/portlibs/3ds/lib\libopus.a(pitch.o)
                0x00000000001197c4                pitch_downsample
 .text.celt_pitch_xcorr_c
                0x0000000000119a18      0x298 C:/devkitPro/portlibs/3ds/lib\libopus.a(pitch.o)
                0x0000000000119a18                celt_pitch_xcorr_c
 .text.pitch_search
                0x0000000000119cb0      0x2b0 C:/devkitPro/portlibs/3ds/lib\libopus.a(pitch.o)
                0x0000000000119cb0                pitch_search
 .text._celt_lpc
                0x0000000000119f60      0x124 C:/devkitPro/portlibs/3ds/lib\libopus.a(celt_lpc.o)
                0x0000000000119f60                _celt_lpc
 .text.celt_fir_c
                0x000000000011a084      0x2d8 C:/devkitPro/portlibs/3ds/lib\libopus.a(celt_lpc.o)
                0x000000000011a084                celt_fir_c
 .text.celt_iir
                0x000000000011a35c      0x3e4 C:/devkitPro/portlibs/3ds/lib\libopus.a(celt_lpc.o)
                0x000000000011a35c                celt_iir
 .text._celt_autocorr
                0x000000000011a740      0x168 C:/devkitPro/portlibs/3ds/lib\libopus.a(celt_lpc.o)
                0x000000000011a740                _celt_autocorr
 .text.unquant_coarse_energy
                0x000000000011a8a8      0x200 C:/devkitPro/portlibs/3ds/lib\libopus.a(quant_bands.o)
                0x000000000011a8a8                unquant_coarse_energy
 .text.unquant_fine_energy
                0x000000000011aaa8       0xdc C:/devkitPro/portlibs/3ds/lib\libopus.a(quant_bands.o)
                0x000000000011aaa8                unquant_fine_energy
 .text.unquant_energy_finalise
                0x000000000011ab84      0x160 C:/devkitPro/portlibs/3ds/lib\libopus.a(quant_bands.o)
                0x000000000011ab84                unquant_energy_finalise
 .text.clt_compute_allocation
                0x000000000011ace4      0xdf0 C:/devkitPro/portlibs/3ds/lib\libopus.a(rate.o)
                0x000000000011ace4                clt_compute_allocation
 .text.exp_rotation1
                0x000000000011bad4       0x9c C:/devkitPro/portlibs/3ds/lib\libopus.a(vq.o)
 .text.normalise_residual
                0x000000000011bb70       0x80 C:/devkitPro/portlibs/3ds/lib\libopus.a(vq.o)
 .text.exp_rotation.part.0
                0x000000000011bbf0      0x18c C:/devkitPro/portlibs/3ds/lib\libopus.a(vq.o)
 .text.op_pvq_search_c
                0x000000000011bd7c      0x30c C:/devkitPro/portlibs/3ds/lib\libopus.a(vq.o)
                0x000000000011bd7c                op_pvq_search_c
 .text.alg_quant
                0x000000000011c088      0x1e0 C:/devkitPro/portlibs/3ds/lib\libopus.a(vq.o)
                0x000000000011c088                alg_quant
 .text.alg_unquant
                0x000000000011c268      0x140 C:/devkitPro/portlibs/3ds/lib\libopus.a(vq.o)
                0x000000000011c268                alg_unquant
 .text.renormalise_vector
                0x000000000011c3a8       0xb4 C:/devkitPro/portlibs/3ds/lib\libopus.a(vq.o)
                0x000000000011c3a8                renormalise_vector
 *fill*         0x000000000011c45c        0x4 
 .text.stereo_itheta
                0x000000000011c460      0x274 C:/devkitPro/portlibs/3ds/lib\libopus.a(vq.o)
                0x000000000011c460                stereo_itheta
 .text.silk_Get_Decoder_Size
                0x000000000011c6d4       0x14 C:/devkitPro/portlibs/3ds/lib\libopus.a(dec_API.o)
                0x000000000011c6d4                silk_Get_Decoder_Size
 .text.silk_InitDecoder
                0x000000000011c6e8       0x38 C:/devkitPro/portlibs/3ds/lib\libopus.a(dec_API.o)
                0x000000000011c6e8                silk_InitDecoder
 .text.silk_Decode
                0x000000000011c720      0xbc0 C:/devkitPro/portlibs/3ds/lib\libopus.a(dec_API.o)
                0x000000000011c720                silk_Decode
 .text.silk_stereo_MS_to_LR
                0x000000000011d2e0      0x294 C:/devkitPro/portlibs/3ds/lib\libopus.a(stereo_MS_to_LR.o)
                0x000000000011d2e0                silk_stereo_MS_to_LR
 .text.silk_resampler_init
                0x000000000011d574      0x3c0 C:/devkitPro/portlibs/3ds/lib\libopus.a(resampler.o)
                0x000000000011d574                silk_resampler_init
 .text.silk_resampler
                0x000000000011d934      0x184 C:/devkitPro/portlibs/3ds/lib\libopus.a(resampler.o)
                0x000000000011d934                silk_resampler
 .text.silk_resampler_private_down_FIR
                0x000000000011dab8      0x9b8 C:/devkitPro/portlibs/3ds/lib\libopus.a(resampler_private_down_FIR.o)
                0x000000000011dab8                silk_resampler_private_down_FIR
 .text.silk_resampler_private_IIR_FIR
                0x000000000011e470      0x1e4 C:/devkitPro/portlibs/3ds/lib\libopus.a(resampler_private_IIR_FIR.o)
                0x000000000011e470                silk_resampler_private_IIR_FIR
 .text.silk_resampler_private_up2_HQ
                0x000000000011e654      0x218 C:/devkitPro/portlibs/3ds/lib\libopus.a(resampler_private_up2_HQ.o)
                0x000000000011e654                silk_resampler_private_up2_HQ
 .text.silk_resampler_private_up2_HQ_wrapper
                0x000000000011e86c        0x4 C:/devkitPro/portlibs/3ds/lib\libopus.a(resampler_private_up2_HQ.o)
                0x000000000011e86c                silk_resampler_private_up2_HQ_wrapper
 .text.silk_stereo_decode_pred
                0x000000000011e870      0x134 C:/devkitPro/portlibs/3ds/lib\libopus.a(stereo_decode_pred.o)
                0x000000000011e870                silk_stereo_decode_pred
 .text.silk_stereo_decode_mid_only
                0x000000000011e9a4       0x20 C:/devkitPro/portlibs/3ds/lib\libopus.a(stereo_decode_pred.o)
                0x000000000011e9a4                silk_stereo_decode_mid_only
 .text.validate_layout
                0x000000000011e9c4       0x7c C:/devkitPro/portlibs/3ds/lib\libopus.a(opus_multistream.o)
                0x000000000011e9c4                validate_layout
 .text.get_left_channel
                0x000000000011ea40       0x74 C:/devkitPro/portlibs/3ds/lib\libopus.a(opus_multistream.o)
                0x000000000011ea40                get_left_channel
 .text.get_right_channel
                0x000000000011eab4       0x78 C:/devkitPro/portlibs/3ds/lib\libopus.a(opus_multistream.o)
                0x000000000011eab4                get_right_channel
 .text.get_mono_channel
                0x000000000011eb2c       0x78 C:/devkitPro/portlibs/3ds/lib\libopus.a(opus_multistream.o)
                0x000000000011eb2c                get_mono_channel
 .text.intensity_stereo.isra.0
                0x000000000011eba4       0xa8 C:/devkitPro/portlibs/3ds/lib\libopus.a(bands.o)
 .text.deinterleave_hadamard
                0x000000000011ec4c      0x11c C:/devkitPro/portlibs/3ds/lib\libopus.a(bands.o)
 .text.special_hybrid_folding.isra.1
                0x000000000011ed68       0x78 C:/devkitPro/portlibs/3ds/lib\libopus.a(bands.o)
 .text.quant_band_n1.isra.3
                0x000000000011ede0      0x104 C:/devkitPro/portlibs/3ds/lib\libopus.a(bands.o)
 .text.celt_lcg_rand
                0x000000000011eee4       0x18 C:/devkitPro/portlibs/3ds/lib\libopus.a(bands.o)
                0x000000000011eee4                celt_lcg_rand
 .text.bitexact_log2tan
                0x000000000011eefc       0x7c C:/devkitPro/portlibs/3ds/lib\libopus.a(bands.o)
                0x000000000011eefc                bitexact_log2tan
 .text.compute_theta
                0x000000000011ef78      0x8e0 C:/devkitPro/portlibs/3ds/lib\libopus.a(bands.o)
 .text.quant_partition
                0x000000000011f858      0x5f8 C:/devkitPro/portlibs/3ds/lib\libopus.a(bands.o)
 .text.denormalise_bands
                0x000000000011fe50      0x1fc C:/devkitPro/portlibs/3ds/lib\libopus.a(bands.o)
                0x000000000011fe50                denormalise_bands
 *fill*         0x000000000012004c        0x4 
 .text.anti_collapse
                0x0000000000120050      0x358 C:/devkitPro/portlibs/3ds/lib\libopus.a(bands.o)
                0x0000000000120050                anti_collapse
 .text.haar1    0x00000000001203a8       0x80 C:/devkitPro/portlibs/3ds/lib\libopus.a(bands.o)
                0x00000000001203a8                haar1
 .text.quant_band
                0x0000000000120428      0x5b0 C:/devkitPro/portlibs/3ds/lib\libopus.a(bands.o)
 .text.quant_band_stereo
                0x00000000001209d8      0x5dc C:/devkitPro/portlibs/3ds/lib\libopus.a(bands.o)
 .text.quant_all_bands
                0x0000000000120fb4      0xfd8 C:/devkitPro/portlibs/3ds/lib\libopus.a(bands.o)
                0x0000000000120fb4                quant_all_bands
 .text.encode_pulses
                0x0000000000121f8c      0x12c C:/devkitPro/portlibs/3ds/lib\libopus.a(cwrs.o)
                0x0000000000121f8c                encode_pulses
 .text.decode_pulses
                0x00000000001220b8      0x2d4 C:/devkitPro/portlibs/3ds/lib\libopus.a(cwrs.o)
                0x00000000001220b8                decode_pulses
 .text.ec_enc_carry_out.part.0
                0x000000000012238c       0xa8 C:/devkitPro/portlibs/3ds/lib\libopus.a(entenc.o)
 .text.ec_encode
                0x0000000000122434       0xcc C:/devkitPro/portlibs/3ds/lib\libopus.a(entenc.o)
                0x0000000000122434                ec_encode
 .text.ec_enc_bit_logp
                0x0000000000122500       0x8c C:/devkitPro/portlibs/3ds/lib\libopus.a(entenc.o)
                0x0000000000122500                ec_enc_bit_logp
 .text.ec_enc_bits
                0x000000000012258c       0x98 C:/devkitPro/portlibs/3ds/lib\libopus.a(entenc.o)
                0x000000000012258c                ec_enc_bits
 .text.ec_enc_uint
                0x0000000000122624       0x80 C:/devkitPro/portlibs/3ds/lib\libopus.a(entenc.o)
                0x0000000000122624                ec_enc_uint
 .text.opus_fft_impl
                0x00000000001226a4      0x960 C:/devkitPro/portlibs/3ds/lib\libopus.a(kiss_fft.o)
                0x00000000001226a4                opus_fft_impl
 .text.ec_laplace_decode
                0x0000000000123004      0x174 C:/devkitPro/portlibs/3ds/lib\libopus.a(laplace.o)
                0x0000000000123004                ec_laplace_decode
 .text.isqrt32  0x0000000000123178       0x40 C:/devkitPro/portlibs/3ds/lib\libopus.a(mathops.o)
                0x0000000000123178                isqrt32
 .text.silk_init_decoder
                0x00000000001231b8       0x40 C:/devkitPro/portlibs/3ds/lib\libopus.a(init_decoder.o)
                0x00000000001231b8                silk_init_decoder
 .text.silk_decode_frame
                0x00000000001231f8      0x224 C:/devkitPro/portlibs/3ds/lib\libopus.a(decode_frame.o)
                0x00000000001231f8                silk_decode_frame
 .text.silk_decode_parameters
                0x000000000012341c      0x24c C:/devkitPro/portlibs/3ds/lib\libopus.a(decode_parameters.o)
                0x000000000012341c                silk_decode_parameters
 .text.silk_decode_indices
                0x0000000000123668      0x41c C:/devkitPro/portlibs/3ds/lib\libopus.a(decode_indices.o)
                0x0000000000123668                silk_decode_indices
 .text.silk_decode_pulses
                0x0000000000123a84      0x248 C:/devkitPro/portlibs/3ds/lib\libopus.a(decode_pulses.o)
                0x0000000000123a84                silk_decode_pulses
 .text.silk_decoder_set_fs
                0x0000000000123ccc      0x244 C:/devkitPro/portlibs/3ds/lib\libopus.a(decoder_set_fs.o)
                0x0000000000123ccc                silk_decoder_set_fs
 .text.silk_gains_dequant
                0x0000000000123f10       0xb4 C:/devkitPro/portlibs/3ds/lib\libopus.a(gain_quant.o)
                0x0000000000123f10                silk_gains_dequant
 .text.silk_NLSF_decode
                0x0000000000123fc4      0x150 C:/devkitPro/portlibs/3ds/lib\libopus.a(NLSF_decode.o)
                0x0000000000123fc4                silk_NLSF_decode
 .text.silk_PLC_Reset
                0x0000000000124114       0x30 C:/devkitPro/portlibs/3ds/lib\libopus.a(PLC.o)
                0x0000000000124114                silk_PLC_Reset
 .text.silk_PLC
                0x0000000000124144      0xe28 C:/devkitPro/portlibs/3ds/lib\libopus.a(PLC.o)
                0x0000000000124144                silk_PLC
 .text.silk_PLC_glue_frames
                0x0000000000124f6c      0x1e0 C:/devkitPro/portlibs/3ds/lib\libopus.a(PLC.o)
                0x0000000000124f6c                silk_PLC_glue_frames
 .text.silk_shell_decoder
                0x000000000012514c      0x3fc C:/devkitPro/portlibs/3ds/lib\libopus.a(shell_coder.o)
                0x000000000012514c                silk_shell_decoder
 .text.silk_NLSF_unpack
                0x0000000000125548       0xa0 C:/devkitPro/portlibs/3ds/lib\libopus.a(NLSF_unpack.o)
                0x0000000000125548                silk_NLSF_unpack
 .text.silk_bwexpander
                0x00000000001255e8       0x70 C:/devkitPro/portlibs/3ds/lib\libopus.a(bwexpander.o)
                0x00000000001255e8                silk_bwexpander
 .text.silk_decode_pitch
                0x0000000000125658      0x104 C:/devkitPro/portlibs/3ds/lib\libopus.a(decode_pitch.o)
                0x0000000000125658                silk_decode_pitch
 .text.silk_log2lin
                0x000000000012575c       0x68 C:/devkitPro/portlibs/3ds/lib\libopus.a(log2lin.o)
                0x000000000012575c                silk_log2lin
 .text.silk_LPC_analysis_filter
                0x00000000001257c4      0x17c C:/devkitPro/portlibs/3ds/lib\libopus.a(LPC_analysis_filter.o)
                0x00000000001257c4                silk_LPC_analysis_filter
 .text.silk_LPC_inverse_pred_gain_c
                0x0000000000125940      0x628 C:/devkitPro/portlibs/3ds/lib\libopus.a(LPC_inv_pred_gain.o)
                0x0000000000125940                silk_LPC_inverse_pred_gain_c
 .text.silk_NLSF2A
                0x0000000000125f68      0x360 C:/devkitPro/portlibs/3ds/lib\libopus.a(NLSF2A.o)
                0x0000000000125f68                silk_NLSF2A
 .text.silk_NLSF_stabilize
                0x00000000001262c8      0x2e4 C:/devkitPro/portlibs/3ds/lib\libopus.a(NLSF_stabilize.o)
                0x00000000001262c8                silk_NLSF_stabilize
 .text.silk_resampler_private_AR2
                0x00000000001265ac       0x70 C:/devkitPro/portlibs/3ds/lib\libopus.a(resampler_private_AR2.o)
                0x00000000001265ac                silk_resampler_private_AR2
 .text.silk_insertion_sort_increasing_all_values_int16
                0x000000000012661c       0x74 C:/devkitPro/portlibs/3ds/lib\libopus.a(sort.o)
                0x000000000012661c                silk_insertion_sort_increasing_all_values_int16
 .text.silk_sum_sqr_shift
                0x0000000000126690      0x114 C:/devkitPro/portlibs/3ds/lib\libopus.a(sum_sqr_shift.o)
                0x0000000000126690                silk_sum_sqr_shift
 .text.silk_LPC_fit
                0x00000000001267a4      0x1cc C:/devkitPro/portlibs/3ds/lib\libopus.a(LPC_fit.o)
                0x00000000001267a4                silk_LPC_fit
 .text.silk_CNG_Reset
                0x0000000000126970       0x64 C:/devkitPro/portlibs/3ds/lib\libopus.a(CNG.o)
                0x0000000000126970                silk_CNG_Reset
 .text.silk_CNG
                0x00000000001269d4      0x9b0 C:/devkitPro/portlibs/3ds/lib\libopus.a(CNG.o)
                0x00000000001269d4                silk_CNG
 .text.silk_decode_signs
                0x0000000000127384       0xd4 C:/devkitPro/portlibs/3ds/lib\libopus.a(code_signs.o)
                0x0000000000127384                silk_decode_signs
 .text.silk_decode_core
                0x0000000000127458      0xcb8 C:/devkitPro/portlibs/3ds/lib\libopus.a(decode_core.o)
                0x0000000000127458                silk_decode_core
 .text.silk_bwexpander_32
                0x0000000000128110       0x9c C:/devkitPro/portlibs/3ds/lib\libopus.a(bwexpander_32.o)
                0x0000000000128110                silk_bwexpander_32
 *fill*         0x00000000001281ac        0x4 
 .text.exp      0x00000000001281b0      0x22c c:/devkitpro/devkitarm/bin/../lib/gcc/arm-none-eabi/12.1.0/../../../../arm-none-eabi/lib/armv6k/fpu\libm.a(lib_a-exp.o)
                0x00000000001281b0                exp
 .text.with_errno
                0x00000000001283dc       0x24 c:/devkitpro/devkitarm/bin/../lib/gcc/arm-none-eabi/12.1.0/../../../../arm-none-eabi/lib/armv6k/fpu\libm.a(lib_a-math_err.o)
 .text.xflow    0x0000000000128400       0x28 c:/devkitpro/devkitarm/bin/../lib/gcc/arm-none-eabi/12.1.0/../../../../arm-none-eabi/lib/armv6k/fpu\libm.a(lib_a-math_err.o)
 .text.__math_uflow
                0x0000000000128428       0x10 c:/devkitpro/devkitarm/bin/../lib/gcc/arm-none-eabi/12.1.0/../../../../arm-none-eabi/lib/armv6k/fpu\libm.a(lib_a-math_err.o)
                0x0000000000128428                __math_uflow
 .text.__math_oflow
                0x0000000000128438       0x10 c:/devkitpro/devkitarm/bin/../lib/gcc/arm-none-eabi/12.1.0/../../../../arm-none-eabi/lib/armv6k/fpu\libm.a(lib_a-math_err.o)
                0x0000000000128438                __math_oflow
 .text.__math_check_uflow
                0x0000000000128448       0x14 c:/devkitpro/devkitarm/bin/../lib/gcc/arm-none-eabi/12.1.0/../../../../arm-none-eabi/lib/armv6k/fpu\libm.a(lib_a-math_err.o)
                0x0000000000128448                __math_check_uflow
 *fill*         0x000000000012845c        0x4 
 .text.__math_check_oflow
                0x0000000000128460       0x28 c:/devkitpro/devkitarm/bin/../lib/gcc/arm-none-eabi/12.1.0/../../../../arm-none-eabi/lib/armv6k/fpu\libm.a(lib_a-math_err.o)
                0x0000000000128460                __math_check_oflow
 .text.cos      0x0000000000128488       0xc0 c:/devkitpro/devkitarm/bin/../lib/gcc/arm-none-eabi/12.1.0/../../../../arm-none-eabi/lib/armv6k/fpu\libm.a(lib_a-s_cos.o)
                0x0000000000128488                cos
 .text.floor    0x0000000000128548      0x144 c:/devkitpro/devkitarm/bin/../lib/gcc/arm-none-eabi/12.1.0/../../../../arm-none-eabi/lib/armv6k/fpu\libm.a(lib_a-s_floor.o)
                0x0000000000128548                floor
 *fill*         0x000000000012868c        0x4 
 .text.sqrt     0x0000000000128690       0x58 c:/devkitpro/devkitarm/bin/../lib/gcc/arm-none-eabi/12.1.0/../../../../arm-none-eabi/lib/armv6k/fpu\libm.a(lib_a-w_sqrt.o)
                0x0000000000128690                sqrt
 .text.__ieee754_rem_pio2
                0x00000000001286e8      0x308 c:/devkitpro/devkitarm/bin/../lib/gcc/arm-none-eabi/12.1.0/../../../../arm-none-eabi/lib/armv6k/fpu\libm.a(lib_a-e_rem_pio2.o)
                0x00000000001286e8                __ieee754_rem_pio2
 .text.__ieee754_sqrt
                0x00000000001289f0        0x8 c:/devkitpro/devkitarm/bin/../lib/gcc/arm-none-eabi/12.1.0/../../../../arm-none-eabi/lib/armv6k/fpu\libm.a(lib_a-e_sqrt.o)
                0x00000000001289f0                __ieee754_sqrt
 .text.__kernel_cos
                0x00000000001289f8      0x158 c:/devkitpro/devkitarm/bin/../lib/gcc/arm-none-eabi/12.1.0/../../../../arm-none-eabi/lib/armv6k/fpu\libm.a(lib_a-k_cos.o)
                0x00000000001289f8                __kernel_cos
 .text.__kernel_rem_pio2
                0x0000000000128b50      0x8c0 c:/devkitpro/devkitarm/bin/../lib/gcc/arm-none-eabi/12.1.0/../../../../arm-none-eabi/lib/armv6k/fpu\libm.a(lib_a-k_rem_pio2.o)
                0x0000000000128b50                __kernel_rem_pio2
 .text.__kernel_sin
                0x0000000000129410       0xc0 c:/devkitpro/devkitarm/bin/../lib/gcc/arm-none-eabi/12.1.0/../../../../arm-none-eabi/lib/armv6k/fpu\libm.a(lib_a-k_sin.o)
                0x0000000000129410                __kernel_sin
 .text.fabs     0x00000000001294d0       0x14 c:/devkitpro/devkitarm/bin/../lib/gcc/arm-none-eabi/12.1.0/../../../../arm-none-eabi/lib/armv6k/fpu\libm.a(lib_a-s_fabs.o)
                0x00000000001294d0                fabs
 *fill*         0x00000000001294e4        0x4 
 .text.scalbn   0x00000000001294e8      0x140 c:/devkitpro/devkitarm/bin/../lib/gcc/arm-none-eabi/12.1.0/../../../../arm-none-eabi/lib/armv6k/fpu\libm.a(lib_a-s_scalbn.o)
                0x00000000001294e8                scalbn
 .text.__udivmoddi4
                0x0000000000129628      0x120 c:/devkitpro/devkitarm/bin/../lib/gcc/arm-none-eabi/12.1.0/armv6k/fpu\libgcc.a(_udivmoddi4.o)
                0x0000000000129628                __udivmoddi4
 .text.abort    0x0000000000129748       0x14 c:/devkitpro/devkitarm/bin/../lib/gcc/arm-none-eabi/12.1.0/../../../../arm-none-eabi/lib/armv6k/fpu\libg.a(lib_a-abort.o)
                0x0000000000129748                abort
 .text.bsearch  0x000000000012975c       0x78 c:/devkitpro/devkitarm/bin/../lib/gcc/arm-none-eabi/12.1.0/../../../../arm-none-eabi/lib/armv6k/fpu\libg.a(lib_a-bsearch.o)
                0x000000000012975c                bsearch
 .text.calloc   0x00000000001297d4       0x20 c:/devkitpro/devkitarm/bin/../lib/gcc/arm-none-eabi/12.1.0/../../../../arm-none-eabi/lib/armv6k/fpu\libg.a(lib_a-calloc.o)
                0x00000000001297d4                calloc
 .text._calloc_r
                0x00000000001297f4       0xc0 c:/devkitpro/devkitarm/bin/../lib/gcc/arm-none-eabi/12.1.0/../../../../arm-none-eabi/lib/armv6k/fpu\libg.a(lib_a-callocr.o)
                0x00000000001297f4                _calloc_r
 .text.__errno  0x00000000001298b4        0xc c:/devkitpro/devkitarm/bin/../lib/gcc/arm-none-eabi/12.1.0/../../../../arm-none-eabi/lib/armv6k/fpu\libg.a(lib_a-errno.o)
                0x00000000001298b4                __errno
 .text.exit     0x00000000001298c0       0x34 c:/devkitpro/devkitarm/bin/../lib/gcc/arm-none-eabi/12.1.0/../../../../arm-none-eabi/lib/armv6k/fpu\libg.a(lib_a-exit.o)
                0x00000000001298c0                exit
 .text._fclose_r
                0x00000000001298f4      0x15c c:/devkitpro/devkitarm/bin/../lib/gcc/arm-none-eabi/12.1.0/../../../../arm-none-eabi/lib/armv6k/fpu\libg.a(lib_a-fclose.o)
                0x00000000001298f4                _fclose_r
 .text.fclose   0x0000000000129a50       0x18 c:/devkitpro/devkitarm/bin/../lib/gcc/arm-none-eabi/12.1.0/../../../../arm-none-eabi/lib/armv6k/fpu\libg.a(lib_a-fclose.o)
                0x0000000000129a50                fclose
 .text.__sflush_r
                0x0000000000129a68      0x234 c:/devkitpro/devkitarm/bin/../lib/gcc/arm-none-eabi/12.1.0/../../../../arm-none-eabi/lib/armv6k/fpu\libg.a(lib_a-fflush.o)
                0x0000000000129a68                __sflush_r
 .text._fflush_r
                0x0000000000129c9c       0x94 c:/devkitpro/devkitarm/bin/../lib/gcc/arm-none-eabi/12.1.0/../../../../arm-none-eabi/lib/armv6k/fpu\libg.a(lib_a-fflush.o)
                0x0000000000129c9c                _fflush_r
 .text.fflush   0x0000000000129d30       0x38 c:/devkitpro/devkitarm/bin/../lib/gcc/arm-none-eabi/12.1.0/../../../../arm-none-eabi/lib/armv6k/fpu\libg.a(lib_a-fflush.o)
                0x0000000000129d30                fflush
 .text._cleanup_r
                0x0000000000129d68        0xc c:/devkitpro/devkitarm/bin/../lib/gcc/arm-none-eabi/12.1.0/../../../../arm-none-eabi/lib/armv6k/fpu\libg.a(lib_a-findfp.o)
                0x0000000000129d68                _cleanup_r